FFFFFFFFFFFFFFFFFFFFFFF                                                  [100%]
=================================== FAILURES ===================================
_________ test_metadata_never_overwrites_unowned_temporary_file[False] _________
../../../../acceptance/lightweight-library-v1/architect_t2_regressions.py:91: in test_metadata_never_overwrites_unowned_temporary_file
    assert path.is_file() and path.read_bytes() == original
E   AssertionError: assert (False)
E    +  where False = is_file()
E    +    where is_file = PosixPath('/private/tmp/ll-t2r1-wh3z22lm/b/test_metadata_never_overwrites0/.work/library/papers/564428dc63dfe59725377fbcf0b108e1fcc3378b82f32c5b042ce861679da96f/source.json.tmp').is_file
_________ test_metadata_never_overwrites_unowned_temporary_file[True] __________
../../../../acceptance/lightweight-library-v1/architect_t2_regressions.py:91: in test_metadata_never_overwrites_unowned_temporary_file
    assert path.is_file() and path.read_bytes() == original
E   AssertionError: assert (False)
E    +  where False = is_file()
E    +    where is_file = PosixPath('/private/tmp/ll-t2r1-wh3z22lm/b/test_metadata_never_overwrites1/.work/library/papers/564428dc63dfe59725377fbcf0b108e1fcc3378b82f32c5b042ce861679da96f/source.json.tmp').is_file
_____________ test_native_add_workspace_lock_precedes_paper_layout _____________
../../../../acceptance/lightweight-library-v1/architect_t2_regressions.py:101: in test_native_add_workspace_lock_precedes_paper_layout
    assert not (target / 'papers').exists()
E   AssertionError: assert not True
E    +  where True = exists()
E    +    where exists = (PosixPath('/private/tmp/ll-t2r1-wh3z22lm/b/test_native_add_workspace_lock0/.work/empty') / 'papers').exists
_______________ test_archive_recovery_checks_moved_payload_again _______________
../../../../acceptance/lightweight-library-v1/architect_t2_regressions.py:111: in test_archive_recovery_checks_moved_payload_again
    refused(lambda: library.recover_library(workspace))
../../../../acceptance/lightweight-library-v1/architect_t2_regressions.py:38: in refused
    assert result.get('ok') is False, result
E   AssertionError: {'ok': True, 'status': 'OK', 'message': 'inspected recognized library operations', 'operations': [{'ok': True, 'status...s not copied or deleted', 'paper_id': 'sha256:564428dc63dfe59725377fbcf0b108e1fcc3378b82f32c5b042ce861679da96f', ...}]}
E   assert True is False
E    +  where True = <built-in method get of dict object at 0x1057de8c0>('ok')
E    +    where <built-in method get of dict object at 0x1057de8c0> = {'ok': True, 'status': 'OK', 'message': 'inspected recognized library operations', 'operations': [{'ok': True, 'status...s not copied or deleted', 'paper_id': 'sha256:564428dc63dfe59725377fbcf0b108e1fcc3378b82f32c5b042ce861679da96f', ...}]}.get
_______________ test_restore_recovery_checks_live_payload_again ________________
../../../../acceptance/lightweight-library-v1/architect_t2_regressions.py:121: in test_restore_recovery_checks_live_payload_again
    refused(lambda: library.recover_library(workspace))
../../../../acceptance/lightweight-library-v1/architect_t2_regressions.py:38: in refused
    assert result.get('ok') is False, result
E   AssertionError: {'ok': True, 'status': 'OK', 'message': 'inspected recognized library operations', 'operations': [{'ok': True, 'status... 'status': 'OK', 'message': 'operation is already complete', 'operation_id': 'd2e1e55a7b6a3ad3937bd7c1f74e22d2', ...}]}
E   assert True is False
E    +  where True = <built-in method get of dict object at 0x118181c00>('ok')
E    +    where <built-in method get of dict object at 0x118181c00> = {'ok': True, 'status': 'OK', 'message': 'inspected recognized library operations', 'operations': [{'ok': True, 'status... 'status': 'OK', 'message': 'operation is already complete', 'operation_id': 'd2e1e55a7b6a3ad3937bd7c1f74e22d2', ...}]}.get
_______ test_replace_recovery_validates_staged_inventory_before_old_move _______
../../../../acceptance/lightweight-library-v1/architect_t2_regressions.py:131: in test_replace_recovery_validates_staged_inventory_before_old_move
    refused(lambda: library.recover_library(workspace))
../../../../acceptance/lightweight-library-v1/architect_t2_regressions.py:38: in refused
    assert result.get('ok') is False, result
E   AssertionError: {'ok': True, 'status': 'OK', 'message': 'inspected recognized library operations', 'operations': [{'ok': True, 'status...ed as prior-paper notes', 'paper_id': 'sha256:564428dc63dfe59725377fbcf0b108e1fcc3378b82f32c5b042ce861679da96f', ...}]}
E   assert True is False
E    +  where True = <built-in method get of dict object at 0x11a010980>('ok')
E    +    where <built-in method get of dict object at 0x11a010980> = {'ok': True, 'status': 'OK', 'message': 'inspected recognized library operations', 'operations': [{'ok': True, 'status...ed as prior-paper notes', 'paper_id': 'sha256:564428dc63dfe59725377fbcf0b108e1fcc3378b82f32c5b042ce861679da96f', ...}]}.get
__________ test_pre_staging_recovery_preserves_foreign_nested_content __________
../../../../acceptance/lightweight-library-v1/architect_t2_regressions.py:143: in test_pre_staging_recovery_preserves_foreign_nested_content
    assert extra.is_file() and extra.read_bytes() == b'Unrecognized user addition\n'
E   AssertionError: assert (False)
E    +  where False = is_file()
E    +    where is_file = PosixPath('/private/tmp/ll-t2r1-wh3z22lm/b/test_pre_staging_recovery_pres0/.work/library/.light-library/staging/1106a409932f38d318b1726cad4c5d19/workspace/user-note.md').is_file
______________ test_changed_journal_paths_are_refused_before_move ______________
../../../../acceptance/lightweight-library-v1/architect_t2_regressions.py:153: in test_changed_journal_paths_are_refused_before_move
    refused(lambda: library.recover_library(workspace))
../../../../acceptance/lightweight-library-v1/architect_t2_regressions.py:38: in refused
    assert result.get('ok') is False, result
E   AssertionError: {'ok': True, 'status': 'OK', 'message': 'inspected recognized library operations', 'operations': [{'ok': True, 'status...s not copied or deleted', 'paper_id': 'sha256:564428dc63dfe59725377fbcf0b108e1fcc3378b82f32c5b042ce861679da96f', ...}]}
E   assert True is False
E    +  where True = <built-in method get of dict object at 0x118173440>('ok')
E    +    where <built-in method get of dict object at 0x118173440> = {'ok': True, 'status': 'OK', 'message': 'inspected recognized library operations', 'operations': [{'ok': True, 'status...s not copied or deleted', 'paper_id': 'sha256:564428dc63dfe59725377fbcf0b108e1fcc3378b82f32c5b042ce861679da96f', ...}]}.get
__________________ test_exact_replace_retry_reuses_same_event __________________
../../../../acceptance/lightweight-library-v1/architect_t2_regressions.py:160: in test_exact_replace_retry_reuses_same_event
    second = accepted(library.replace_paper(workspace, 'sha256:' + OLD, NEW_PDF))
             ^^^^^^^^^^^^^^^^^^^^^^^^^^^^^^^^^^^^^^^^^^^^^^^^^^^^^^^^^^^^^^^^^^^^
../../../../acceptance/lightweight-library-v1/architect_t2_regressions.py:29: in accepted
    assert result.get('ok') is True, result
E   AssertionError: {'ok': False, 'status': 'LIGHT_LIBRARY_INVALID', 'message': 'selected paper is not a complete live paper', 'paper_id': 'sha256:564428dc63dfe59725377fbcf0b108e1fcc3378b82f32c5b042ce861679da96f'}
E   assert False is True
E    +  where False = <built-in method get of dict object at 0x11a0116c0>('ok')
E    +    where <built-in method get of dict object at 0x11a0116c0> = {'ok': False, 'status': 'LIGHT_LIBRARY_INVALID', 'message': 'selected paper is not a complete live paper', 'paper_id': 'sha256:564428dc63dfe59725377fbcf0b108e1fcc3378b82f32c5b042ce861679da96f'}.get
________ test_backup_rechecks_after_archive_construction_before_publish ________
../../../../acceptance/lightweight-library-v1/architect_t2_regressions.py:170: in test_backup_rechecks_after_archive_construction_before_publish
    refused(lambda: backup.create_backup(workspace, output=output))
../../../../acceptance/lightweight-library-v1/architect_t2_regressions.py:38: in refused
    assert result.get('ok') is False, result
E   AssertionError: {'ok': True, 'status': 'OK', 'message': 'created a deterministic lightweight workspace backup', 'archive_path': '/private/tmp/ll-t2r1-wh3z22lm/b/test_backup_rechecks_after_arc0/.work/backup.zip', ...}
E   assert True is False
E    +  where True = <built-in method get of dict object at 0x11a1217c0>('ok')
E    +    where <built-in method get of dict object at 0x11a1217c0> = {'ok': True, 'status': 'OK', 'message': 'created a deterministic lightweight workspace backup', 'archive_path': '/private/tmp/ll-t2r1-wh3z22lm/b/test_backup_rechecks_after_arc0/.work/backup.zip', ...}.get
_________ test_restore_preserves_existing_archived_restoration_record __________
../../../../acceptance/lightweight-library-v1/architect_t2_regressions.py:186: in test_restore_preserves_existing_archived_restoration_record
    assert (restored / '.light-library/restoration.json').read_bytes() == original
E   assert b'{"destinati...ork/small"}\n' == b'{"user_reco...al record"}\n'
E     
E     At index 2 diff: b'd' != b'u'
E     Use -v to get more diff
___________ test_backup_of_restored_workspace_preserves_prior_record ___________
../../../../acceptance/lightweight-library-v1/architect_t2_regressions.py:204: in test_backup_of_restored_workspace_preserves_prior_record
    assert (second_root / relative).read_bytes() == data, relative
E   AssertionError: .light-library/restoration.json
E   assert b'{"destinati...t-restore"}\n' == b'{"destinati...ork/small"}\n'
E     
E     At index 86 diff: b's' != b'f'
E     Use -v to get more diff
______ test_verify_validates_all_manifest_identity_and_rows[workspace-id] ______
../../../../acceptance/lightweight-library-v1/architect_t2_regressions.py:252: in test_verify_validates_all_manifest_identity_and_rows
    refused(lambda: backup.verify_backup(target))
../../../../acceptance/lightweight-library-v1/architect_t2_regressions.py:38: in refused
    assert result.get('ok') is False, result
E   AssertionError: {'ok': True, 'status': 'OK', 'message': 'backup archive is valid', 'schema': 'video-paper-wiki.light-backup.v1', ...}
E   assert True is False
E    +  where True = <built-in method get of dict object at 0x11806d280>('ok')
E    +    where <built-in method get of dict object at 0x11806d280> = {'ok': True, 'status': 'OK', 'message': 'backup archive is valid', 'schema': 'video-paper-wiki.light-backup.v1', ...}.get
_____ test_verify_validates_all_manifest_identity_and_rows[workspace-root] _____
../../../../acceptance/lightweight-library-v1/architect_t2_regressions.py:252: in test_verify_validates_all_manifest_identity_and_rows
    refused(lambda: backup.verify_backup(target))
../../../../acceptance/lightweight-library-v1/architect_t2_regressions.py:38: in refused
    assert result.get('ok') is False, result
E   AssertionError: {'ok': True, 'status': 'OK', 'message': 'backup archive is valid', 'schema': 'video-paper-wiki.light-backup.v1', ...}
E   assert True is False
E    +  where True = <built-in method get of dict object at 0x1070d3580>('ok')
E    +    where <built-in method get of dict object at 0x1070d3580> = {'ok': True, 'status': 'OK', 'message': 'backup archive is valid', 'schema': 'video-paper-wiki.light-backup.v1', ...}.get
_______ test_verify_validates_all_manifest_identity_and_rows[extra-row] ________
../../../../acceptance/lightweight-library-v1/architect_t2_regressions.py:252: in test_verify_validates_all_manifest_identity_and_rows
    refused(lambda: backup.verify_backup(target))
../../../../acceptance/lightweight-library-v1/architect_t2_regressions.py:38: in refused
    assert result.get('ok') is False, result
E   AssertionError: {'ok': True, 'status': 'OK', 'message': 'backup archive is valid', 'schema': 'video-paper-wiki.light-backup.v1', ...}
E   assert True is False
E    +  where True = <built-in method get of dict object at 0x10705cd00>('ok')
E    +    where <built-in method get of dict object at 0x10705cd00> = {'ok': True, 'status': 'OK', 'message': 'backup archive is valid', 'schema': 'video-paper-wiki.light-backup.v1', ...}.get
_______ test_verify_validates_all_manifest_identity_and_rows[exclusions] _______
../../../../acceptance/lightweight-library-v1/architect_t2_regressions.py:252: in test_verify_validates_all_manifest_identity_and_rows
    refused(lambda: backup.verify_backup(target))
../../../../acceptance/lightweight-library-v1/architect_t2_regressions.py:38: in refused
    assert result.get('ok') is False, result
E   AssertionError: {'ok': True, 'status': 'OK', 'message': 'backup archive is valid', 'schema': 'video-paper-wiki.light-backup.v1', ...}
E   assert True is False
E    +  where True = <built-in method get of dict object at 0x1180bffc0>('ok')
E    +    where <built-in method get of dict object at 0x1180bffc0> = {'ok': True, 'status': 'OK', 'message': 'backup archive is valid', 'schema': 'video-paper-wiki.light-backup.v1', ...}.get
_ test_verify_validates_all_manifest_identity_and_rows[trailing-nonobject-file] _
../../../../acceptance/lightweight-library-v1/architect_t2_regressions.py:252: in test_verify_validates_all_manifest_identity_and_rows
    refused(lambda: backup.verify_backup(target))
../../../../acceptance/lightweight-library-v1/architect_t2_regressions.py:38: in refused
    assert result.get('ok') is False, result
E   AssertionError: {'ok': True, 'status': 'OK', 'message': 'backup archive is valid', 'schema': 'video-paper-wiki.light-backup.v1', ...}
E   assert True is False
E    +  where True = <built-in method get of dict object at 0x106f3e480>('ok')
E    +    where <built-in method get of dict object at 0x106f3e480> = {'ok': True, 'status': 'OK', 'message': 'backup archive is valid', 'schema': 'video-paper-wiki.light-backup.v1', ...}.get
_________ test_verify_enforces_fixed_zip_member_metadata[symlink-mode] _________
../../../../acceptance/lightweight-library-v1/architect_t2_regressions.py:277: in test_verify_enforces_fixed_zip_member_metadata
    refused(lambda: backup.verify_backup(target))
../../../../acceptance/lightweight-library-v1/architect_t2_regressions.py:38: in refused
    assert result.get('ok') is False, result
E   AssertionError: {'ok': True, 'status': 'OK', 'message': 'backup archive is valid', 'schema': 'video-paper-wiki.light-backup.v1', ...}
E   assert True is False
E    +  where True = <built-in method get of dict object at 0x1180bd7c0>('ok')
E    +    where <built-in method get of dict object at 0x1180bd7c0> = {'ok': True, 'status': 'OK', 'message': 'backup archive is valid', 'schema': 'video-paper-wiki.light-backup.v1', ...}.get
_________ test_verify_enforces_fixed_zip_member_metadata[public-mode] __________
../../../../acceptance/lightweight-library-v1/architect_t2_regressions.py:277: in test_verify_enforces_fixed_zip_member_metadata
    refused(lambda: backup.verify_backup(target))
../../../../acceptance/lightweight-library-v1/architect_t2_regressions.py:38: in refused
    assert result.get('ok') is False, result
E   AssertionError: {'ok': True, 'status': 'OK', 'message': 'backup archive is valid', 'schema': 'video-paper-wiki.light-backup.v1', ...}
E   assert True is False
E    +  where True = <built-in method get of dict object at 0x11a120880>('ok')
E    +    where <built-in method get of dict object at 0x11a120880> = {'ok': True, 'status': 'OK', 'message': 'backup archive is valid', 'schema': 'video-paper-wiki.light-backup.v1', ...}.get
________ test_verify_enforces_fixed_zip_member_metadata[manifest-time] _________
../../../../acceptance/lightweight-library-v1/architect_t2_regressions.py:277: in test_verify_enforces_fixed_zip_member_metadata
    refused(lambda: backup.verify_backup(target))
../../../../acceptance/lightweight-library-v1/architect_t2_regressions.py:38: in refused
    assert result.get('ok') is False, result
E   AssertionError: {'ok': True, 'status': 'OK', 'message': 'backup archive is valid', 'schema': 'video-paper-wiki.light-backup.v1', ...}
E   assert True is False
E    +  where True = <built-in method get of dict object at 0x11a0bb700>('ok')
E    +    where <built-in method get of dict object at 0x11a0bb700> = {'ok': True, 'status': 'OK', 'message': 'backup archive is valid', 'schema': 'video-paper-wiki.light-backup.v1', ...}.get
_________ test_verify_enforces_fixed_zip_member_metadata[extra-field] __________
../../../../acceptance/lightweight-library-v1/architect_t2_regressions.py:277: in test_verify_enforces_fixed_zip_member_metadata
    refused(lambda: backup.verify_backup(target))
../../../../acceptance/lightweight-library-v1/architect_t2_regressions.py:38: in refused
    assert result.get('ok') is False, result
E   AssertionError: {'ok': True, 'status': 'OK', 'message': 'backup archive is valid', 'schema': 'video-paper-wiki.light-backup.v1', ...}
E   assert True is False
E    +  where True = <built-in method get of dict object at 0x118187ec0>('ok')
E    +    where <built-in method get of dict object at 0x118187ec0> = {'ok': True, 'status': 'OK', 'message': 'backup archive is valid', 'schema': 'video-paper-wiki.light-backup.v1', ...}.get
________ test_verify_enforces_fixed_zip_member_metadata[zip64-version] _________
../../../../acceptance/lightweight-library-v1/architect_t2_regressions.py:277: in test_verify_enforces_fixed_zip_member_metadata
    refused(lambda: backup.verify_backup(target))
../../../../acceptance/lightweight-library-v1/architect_t2_regressions.py:38: in refused
    assert result.get('ok') is False, result
E   AssertionError: {'ok': True, 'status': 'OK', 'message': 'backup archive is valid', 'schema': 'video-paper-wiki.light-backup.v1', ...}
E   assert True is False
E    +  where True = <built-in method get of dict object at 0x1180bd400>('ok')
E    +    where <built-in method get of dict object at 0x1180bd400> = {'ok': True, 'status': 'OK', 'message': 'backup archive is valid', 'schema': 'video-paper-wiki.light-backup.v1', ...}.get
_______________ test_backup_input_chain_cannot_traverse_symlink ________________
../../../../acceptance/lightweight-library-v1/architect_t2_regressions.py:284: in test_backup_input_chain_cannot_traverse_symlink
    refused(lambda: backup.verify_backup(alias / archive.name))
../../../../acceptance/lightweight-library-v1/architect_t2_regressions.py:38: in refused
    assert result.get('ok') is False, result
E   AssertionError: {'ok': True, 'status': 'OK', 'message': 'backup archive is valid', 'schema': 'video-paper-wiki.light-backup.v1', ...}
E   assert True is False
E    +  where True = <built-in method get of dict object at 0x11a11d840>('ok')
E    +    where <built-in method get of dict object at 0x11a11d840> = {'ok': True, 'status': 'OK', 'message': 'backup archive is valid', 'schema': 'video-paper-wiki.light-backup.v1', ...}.get
=========================== short test summary info ============================
FAILED ../../../../acceptance/lightweight-library-v1/architect_t2_regressions.py::test_metadata_never_overwrites_unowned_temporary_file[False]
FAILED ../../../../acceptance/lightweight-library-v1/architect_t2_regressions.py::test_metadata_never_overwrites_unowned_temporary_file[True]
FAILED ../../../../acceptance/lightweight-library-v1/architect_t2_regressions.py::test_native_add_workspace_lock_precedes_paper_layout
FAILED ../../../../acceptance/lightweight-library-v1/architect_t2_regressions.py::test_archive_recovery_checks_moved_payload_again
FAILED ../../../../acceptance/lightweight-library-v1/architect_t2_regressions.py::test_restore_recovery_checks_live_payload_again
FAILED ../../../../acceptance/lightweight-library-v1/architect_t2_regressions.py::test_replace_recovery_validates_staged_inventory_before_old_move
FAILED ../../../../acceptance/lightweight-library-v1/architect_t2_regressions.py::test_pre_staging_recovery_preserves_foreign_nested_content
FAILED ../../../../acceptance/lightweight-library-v1/architect_t2_regressions.py::test_changed_journal_paths_are_refused_before_move
FAILED ../../../../acceptance/lightweight-library-v1/architect_t2_regressions.py::test_exact_replace_retry_reuses_same_event
FAILED ../../../../acceptance/lightweight-library-v1/architect_t2_regressions.py::test_backup_rechecks_after_archive_construction_before_publish
FAILED ../../../../acceptance/lightweight-library-v1/architect_t2_regressions.py::test_restore_preserves_existing_archived_restoration_record
FAILED ../../../../acceptance/lightweight-library-v1/architect_t2_regressions.py::test_backup_of_restored_workspace_preserves_prior_record
FAILED ../../../../acceptance/lightweight-library-v1/architect_t2_regressions.py::test_verify_validates_all_manifest_identity_and_rows[workspace-id]
FAILED ../../../../acceptance/lightweight-library-v1/architect_t2_regressions.py::test_verify_validates_all_manifest_identity_and_rows[workspace-root]
FAILED ../../../../acceptance/lightweight-library-v1/architect_t2_regressions.py::test_verify_validates_all_manifest_identity_and_rows[extra-row]
FAILED ../../../../acceptance/lightweight-library-v1/architect_t2_regressions.py::test_verify_validates_all_manifest_identity_and_rows[exclusions]
FAILED ../../../../acceptance/lightweight-library-v1/architect_t2_regressions.py::test_verify_validates_all_manifest_identity_and_rows[trailing-nonobject-file]
FAILED ../../../../acceptance/lightweight-library-v1/architect_t2_regressions.py::test_verify_enforces_fixed_zip_member_metadata[symlink-mode]
FAILED ../../../../acceptance/lightweight-library-v1/architect_t2_regressions.py::test_verify_enforces_fixed_zip_member_metadata[public-mode]
FAILED ../../../../acceptance/lightweight-library-v1/architect_t2_regressions.py::test_verify_enforces_fixed_zip_member_metadata[manifest-time]
FAILED ../../../../acceptance/lightweight-library-v1/architect_t2_regressions.py::test_verify_enforces_fixed_zip_member_metadata[extra-field]
FAILED ../../../../acceptance/lightweight-library-v1/architect_t2_regressions.py::test_verify_enforces_fixed_zip_member_metadata[zip64-version]
FAILED ../../../../acceptance/lightweight-library-v1/architect_t2_regressions.py::test_backup_input_chain_cannot_traverse_symlink
23 failed in 1.01s
