{
  "source_sha256": "e4f7f8880ab41d388ede82f4672e4b969f6ee147e794d02d59359bfa8ee57595",
  "synthetic_only": true,
  "observations": [
    {
      "case": "control",
      "injected": false,
      "result": {
        "ok": true,
        "status": "OK",
        "state": "awaiting_model",
        "session_id": "03dcfede48eb46c258e9704d5642006f0eb901e8fc14a521d118f58c19cbfff2"
      },
      "published_sessions": 1
    },
    {
      "case": "last_staged_file_move",
      "injected": true,
      "result": {
        "ok": false,
        "status": "INDEX_STALE",
        "state": null,
        "session_id": null
      },
      "published_sessions": 0
    },
    {
      "case": "before_publish_hook",
      "injected": true,
      "result": {
        "ok": false,
        "status": "INDEX_STALE",
        "state": null,
        "session_id": null
      },
      "published_sessions": 0
    }
  ]
}
