FF.                                                                      [100%]
=================================== FAILURES ===================================
_ test_after_intent_addition_is_preserved_before_capture_and_publication[unknown-file] _
../../../../acceptance/lightweight-library-v1/architect_t2_r3_precapture.py:28: in test_after_intent_addition_is_preserved_before_capture_and_publication
    refused(lambda: library.replace_paper(workspace, 'sha256:' + OLD, NEW_PDF))
../../../../acceptance/lightweight-library-v1/architect_t2_regressions.py:38: in refused
    assert result.get('ok') is False, result
           ^^^^^^^^^^^^^^^^^^^^^^^^^
E   AssertionError: {'ok': True, 'status': 'OK', 'message': 'replaced paper; old notes remain in the archive and are attributed as prior-paper notes', 'paper_id': 'sha256:564428dc63dfe59725377fbcf0b108e1fcc3378b82f32c5b042ce861679da96f', 'new_paper_id': 'sha256:654ef597e183c0544cd753494cb442125bc42b17dd2477481b6799114482a92e', 'archive_id': '0ad7cec16b9d591e600af65b2bd0f80e', 'operation_id': '5aa3f044e24269e3376caa47dd47cc7c', 'reused': False, 'retained_note_paths': ['papers/654ef597e183c0544cd753494cb442125bc42b17dd2477481b6799114482a92e/prior-paper-notes.md', '.light-library/archive/0ad7cec16b9d591e600af65b2bd0f80e/paper/notes.md'], 'next_actions': ['Rebuild the lexical index with build_index before querying or exporting contexts.']}
_ test_after_intent_addition_is_preserved_before_capture_and_publication[unknown-empty-dir] _
../../../../acceptance/lightweight-library-v1/architect_t2_r3_precapture.py:28: in test_after_intent_addition_is_preserved_before_capture_and_publication
    refused(lambda: library.replace_paper(workspace, 'sha256:' + OLD, NEW_PDF))
../../../../acceptance/lightweight-library-v1/architect_t2_regressions.py:38: in refused
    assert result.get('ok') is False, result
           ^^^^^^^^^^^^^^^^^^^^^^^^^
E   AssertionError: {'ok': True, 'status': 'OK', 'message': 'replaced paper; old notes remain in the archive and are attributed as prior-paper notes', 'paper_id': 'sha256:564428dc63dfe59725377fbcf0b108e1fcc3378b82f32c5b042ce861679da96f', 'new_paper_id': 'sha256:654ef597e183c0544cd753494cb442125bc42b17dd2477481b6799114482a92e', 'archive_id': '776c2cf4b6d08d0b84834ea9372c1195', 'operation_id': '70ad8c458fcd463ca9152537fba2ab75', 'reused': False, 'retained_note_paths': ['papers/654ef597e183c0544cd753494cb442125bc42b17dd2477481b6799114482a92e/prior-paper-notes.md', '.light-library/archive/776c2cf4b6d08d0b84834ea9372c1195/paper/notes.md'], 'next_actions': ['Rebuild the lexical index with build_index before querying or exporting contexts.']}
=========================== short test summary info ============================
FAILED ../../../../acceptance/lightweight-library-v1/architect_t2_r3_precapture.py::test_after_intent_addition_is_preserved_before_capture_and_publication[unknown-file]
FAILED ../../../../acceptance/lightweight-library-v1/architect_t2_r3_precapture.py::test_after_intent_addition_is_preserved_before_capture_and_publication[unknown-empty-dir]
2 failed, 1 passed in 0.94s
