=== uv version ===
uv 0.12.7 (61291a8ca 2026-08-27 aarch64-apple-darwin)
=== uv build --offline ===
Building source distribution...
Building wheel from source distribution...
Successfully built /private/tmp/vp.light4.wheel/dist/video_paper_wiki-0.1.0.tar.gz
Successfully built /private/tmp/vp.light4.wheel/dist/video_paper_wiki-0.1.0-py3-none-any.whl
=== create venv ===
=== uv pip install wheel --no-deps ===
Using Python 3.13.13 environment at: /private/tmp/vp.light4.wheel/venv
Resolved 1 package in 7ms
Prepared 1 package in 15ms
Installed 1 package in 3ms
 + video-paper-wiki==0.1.0 (from file:///private/tmp/vp.light4.wheel/dist/video_paper_wiki-0.1.0-py3-none-any.whl)
=== copy runtime deps from named venv ===
copied dir jsonschema
copied meta jsonschema-4.26.0.dist-info
copied meta jsonschema_specifications-2025.9.1.dist-info
copied dir jsonschema_specifications
copied meta jsonschema_specifications-2025.9.1.dist-info
copied dir referencing
copied meta referencing-0.37.0.dist-info
copied dir rpds
copied meta rpds_py-2026.6.3.dist-info
copied dir attrs
copied meta attrs-26.1.0.dist-info
copied dir pypdf
copied meta pypdf-6.16.2.dist-info
(eval):36: command not found: rg
=== overlay named venv site-packages minus project packages ===
overlay complete
=== reinstall wheel --no-deps --force-reinstall ===
Using Python 3.13.13 environment at: /private/tmp/vp.light4.wheel/venv
Resolved 1 package in 0.62ms
Prepared 1 package in 0.38ms
Uninstalled 1 package in 8ms
Installed 1 package in 3ms
 ~ video-paper-wiki==0.1.0 (from file:///private/tmp/vp.light4.wheel/dist/video_paper_wiki-0.1.0-py3-none-any.whl)
