{
  "ok": true,
  "checks": [
    "unedited_legacy_search_index_stale",
    "rebuild_restores_quasar_page_1_nebula_page_2",
    "stable_rebuild",
    "in_page_insert_delete",
    "invalid_anchors_no_rewrite",
    "later_invalid_paper_does_not_rewrite_earlier"
  ],
  "build": {
    "ok": true,
    "status": "OK",
    "index_id": "c2cc45d3a7c5b4faaea2c0ff9e976d93222f9ee3840b6dac71d24cac46e7162a",
    "paper_count": 1,
    "chunk_count": 2,
    "index_path": "/private/tmp/vp.r06.t1.fixed/workspace/.light-index/index.v1.json",
    "size_bytes": 2353,
    "message": "built workspace lexical index"
  },
  "second_build_index_id": "c2cc45d3a7c5b4faaea2c0ff9e976d93222f9ee3840b6dac71d24cac46e7162a",
  "shared_fixture_untouched": {
    "source.json": "4aab5a9a49b3d8aae1ba252d80c2963d4afa1e7f22960767b409f8452f69a5db",
    "source.md": "f985d353c7b2f643e2b2addd76182b3c99641b64814e3001ff43ee34c2266804",
    "index.v1.json": "5d8a185db8177b6dc59ad201ef94f62dab1a0d902b54269377cdd84002f7347f"
  },
  "module_sha256": "4d5a8a87f0a6f76e31e1db077e239f98e9b65f9a5b7a685a67f8d781da026be8"
}
