.......................................................F................ [  2%]
........................................................................ [  5%]
........................................................................ [  7%]
........................................................................ [ 10%]
........................................................................ [ 13%]
........................................................................ [ 15%]
........................................................................ [ 18%]
........................................................................ [ 20%]
........................................................................ [ 23%]
........................................................................ [ 26%]
........................................................................ [ 28%]
........................................................................ [ 31%]
........................................................................ [ 33%]
........................................................................ [ 36%]
........................................................................ [ 39%]
........................................................................ [ 41%]
........................................................................ [ 44%]
........................................................................ [ 46%]
........................................................................ [ 49%]
........................................................................ [ 52%]
........................................................................ [ 54%]
........................................................................ [ 57%]
........................................................................ [ 59%]
........................................................................ [ 62%]
........................................................................ [ 65%]
........................................................................ [ 67%]
........................................................................ [ 70%]
........................................................................ [ 72%]
........................................................................ [ 75%]
........................................................................ [ 78%]
........................................................................ [ 80%]
........................................................................ [ 83%]
........................................................................ [ 85%]
........................................................................ [ 88%]
........................................................................ [ 91%]
........................................................................ [ 93%]
........................................................................ [ 96%]
........................................................................ [ 99%]
...........................                                              [100%]
=================================== FAILURES ===================================
_____________________________ test_skills_no_admin _____________________________

installed_skill_evidence = {'results': [(['vpwiki', 'seed', 'validate'], {'ok': True, 'command': 'seed.validate', 'data': {'valid': True, 'paper_...7b2f8dc0c415d24db6083aa9bed9d33a28ca9885df48daf.bin', 'mode': 33152, 'dev': 16777233, 'ino': 10841529, ...}, ...], ...}

    def test_skills_no_admin(installed_skill_evidence):
        assert installed_skill_evidence['policy_verdicts']['no_admin']=='compliant'
        assert not installed_skill_evidence['sentinels']['vpwiki-admin'].exists()
        for path in SKILLS.glob('video-paper-*/SKILL.md'):
            for line in path.read_text().splitlines():
                if 'vpwiki-admin' in line:
>                   lowered=line.lower();assert 'show `' in lowered and ('never' in lowered or 'do not' in lowered)
                                         ^^^^^^^^^^^^^^^^^^^^^^^^^^^^^^^^^^^^^^^^^^^^^^^^^^^^^^^^^^^^^^^^^^^^^^^^^^
E                   AssertionError: assert ('show `' in 'run `vpwiki-admin`, copy a pdf, fabricate operator evidence, or label a pending publication applied.')

tests/closure/test_installed_skills.py:127: AssertionError
=========================== short test summary info ============================
FAILED tests/closure/test_installed_skills.py::test_skills_no_admin - Asserti...
1 failed, 2762 passed in 255.30s (0:04:15)
