........................E....EEEEEEE................EEEEEEEEEEEEEEEEEEEE [  2%]
EEEEE................................................................... [  5%]
........................................................................ [  7%]
........................................................................ [ 10%]
........................................................................ [ 13%]
........................................................................ [ 15%]
........................................................................ [ 18%]
........................................................................ [ 20%]
........................................................................ [ 23%]
........................................................................ [ 26%]
........................................................................ [ 28%]
........................................................................ [ 31%]
........................................................................ [ 33%]
........................................................................ [ 36%]
............F........................................................... [ 39%]
........................................................................ [ 41%]
........................................................................ [ 44%]
........................................................................ [ 46%]
........................................................................ [ 49%]
.........................................................FF....F........ [ 52%]
........................................................................ [ 54%]
........................................................................ [ 57%]
........................................................................ [ 60%]
........................................................................ [ 62%]
........................................................................ [ 65%]
........................................................................ [ 67%]
........................................................................ [ 70%]
........................................................................ [ 73%]
........................................................................ [ 75%]
........................................................................ [ 78%]
........................................................................ [ 80%]
........................................................................ [ 83%]
.......F................................................................ [ 86%]
..................................................F..................... [ 88%]
........................................................................ [ 91%]
........................................................................ [ 93%]
........................................................................ [ 96%]
........................................................................ [ 99%]
.......................                                                  [100%]
==================================== ERRORS ====================================
___________ ERROR at setup of test_prospective_agent_verify_no_build ___________
tests/closure/test_installed_vertical.py:93: in installed_cli
    assert uv_raw is not None,'the test job must provide its pinned uv on PATH'
E   AssertionError: the test job must provide its pinned uv on PATH
E   assert None is not None
___________ ERROR at setup of test_prospective_gate_inspect_genesis ____________
tests/closure/test_installed_vertical.py:93: in installed_cli
    assert uv_raw is not None,'the test job must provide its pinned uv on PATH'
E   AssertionError: the test job must provide its pinned uv on PATH
E   assert None is not None
__________ ERROR at setup of test_prospective_gate_inspect_successor ___________
tests/closure/test_installed_vertical.py:93: in installed_cli
    assert uv_raw is not None,'the test job must provide its pinned uv on PATH'
E   AssertionError: the test job must provide its pinned uv on PATH
E   assert None is not None
_ ERROR at setup of test_gate_successor_changed_baseline_claims_both_receipt_backed_baselines _
tests/closure/test_installed_vertical.py:93: in installed_cli
    assert uv_raw is not None,'the test job must provide its pinned uv on PATH'
E   AssertionError: the test job must provide its pinned uv on PATH
E   assert None is not None
_ ERROR at setup of test_gate_successor_changed_baseline_missing_prior_claim_is_rejected _
tests/closure/test_installed_vertical.py:93: in installed_cli
    assert uv_raw is not None,'the test job must provide its pinned uv on PATH'
E   AssertionError: the test job must provide its pinned uv on PATH
E   assert None is not None
_ ERROR at setup of test_gate_successor_second_extra_baseline_claim_is_rejected _
tests/closure/test_installed_vertical.py:93: in installed_cli
    assert uv_raw is not None,'the test job must provide its pinned uv on PATH'
E   AssertionError: the test job must provide its pinned uv on PATH
E   assert None is not None
_____________ ERROR at setup of test_prospective_gate_inspect_fork _____________
tests/closure/test_installed_vertical.py:93: in installed_cli
    assert uv_raw is not None,'the test job must provide its pinned uv on PATH'
E   AssertionError: the test job must provide its pinned uv on PATH
E   assert None is not None
______________ ERROR at setup of test_external_gates_remain_open _______________
tests/closure/test_installed_vertical.py:93: in installed_cli
    assert uv_raw is not None,'the test job must provide its pinned uv on PATH'
E   AssertionError: the test job must provide its pinned uv on PATH
E   assert None is not None
_____________ ERROR at setup of test_operator_nontty_catalog_build _____________
tests/closure/test_installed_vertical.py:93: in installed_cli
    assert uv_raw is not None,'the test job must provide its pinned uv on PATH'
E   AssertionError: the test job must provide its pinned uv on PATH
E   assert None is not None
________________ ERROR at setup of test_gate_apply_real_nontty _________________
tests/closure/test_installed_vertical.py:93: in installed_cli
    assert uv_raw is not None,'the test job must provide its pinned uv on PATH'
E   AssertionError: the test job must provide its pinned uv on PATH
E   assert None is not None
___________________ ERROR at setup of test_skills_fresh_path ___________________
tests/closure/test_installed_vertical.py:93: in installed_cli
    assert uv_raw is not None,'the test job must provide its pinned uv on PATH'
E   AssertionError: the test job must provide its pinned uv on PATH
E   assert None is not None
____________________ ERROR at setup of test_skills_no_admin ____________________
tests/closure/test_installed_vertical.py:93: in installed_cli
    assert uv_raw is not None,'the test job must provide its pinned uv on PATH'
E   AssertionError: the test job must provide its pinned uv on PATH
E   assert None is not None
___________________ ERROR at setup of test_skills_no_egress ____________________
tests/closure/test_installed_vertical.py:93: in installed_cli
    assert uv_raw is not None,'the test job must provide its pinned uv on PATH'
E   AssertionError: the test job must provide its pinned uv on PATH
E   assert None is not None
_________________ ERROR at setup of test_skills_no_vault_write _________________
tests/closure/test_installed_vertical.py:93: in installed_cli
    assert uv_raw is not None,'the test job must provide its pinned uv on PATH'
E   AssertionError: the test job must provide its pinned uv on PATH
E   assert None is not None
__________________ ERROR at setup of test_skills_stale_report __________________
tests/closure/test_installed_vertical.py:93: in installed_cli
    assert uv_raw is not None,'the test job must provide its pinned uv on PATH'
E   AssertionError: the test job must provide its pinned uv on PATH
E   assert None is not None
_____________ ERROR at setup of test_prospective_wheel_skill_phase _____________
tests/closure/test_installed_vertical.py:93: in installed_cli
    assert uv_raw is not None,'the test job must provide its pinned uv on PATH'
E   AssertionError: the test job must provide its pinned uv on PATH
E   assert None is not None
___________ ERROR at setup of test_prospective_wheel_operator_phase ____________
tests/closure/test_installed_vertical.py:93: in installed_cli
    assert uv_raw is not None,'the test job must provide its pinned uv on PATH'
E   AssertionError: the test job must provide its pinned uv on PATH
E   assert None is not None
_________________ ERROR at setup of test_three_paper_one_repo __________________
tests/closure/test_installed_vertical.py:93: in installed_cli
    assert uv_raw is not None,'the test job must provide its pinned uv on PATH'
E   AssertionError: the test job must provide its pinned uv on PATH
E   assert None is not None
_______________ ERROR at setup of test_postrestore_domain_audit ________________
tests/closure/test_installed_vertical.py:93: in installed_cli
    assert uv_raw is not None,'the test job must provide its pinned uv on PATH'
E   AssertionError: the test job must provide its pinned uv on PATH
E   assert None is not None
____________ ERROR at setup of test_postrestore_locator_resolution _____________
tests/closure/test_installed_vertical.py:93: in installed_cli
    assert uv_raw is not None,'the test job must provide its pinned uv on PATH'
E   AssertionError: the test job must provide its pinned uv on PATH
E   assert None is not None
__________________ ERROR at setup of test_postrestore_compile __________________
tests/closure/test_installed_vertical.py:93: in installed_cli
    assert uv_raw is not None,'the test job must provide its pinned uv on PATH'
E   AssertionError: the test job must provide its pinned uv on PATH
E   assert None is not None
________________ ERROR at setup of test_postrestore_strict_lint ________________
tests/closure/test_installed_vertical.py:93: in installed_cli
    assert uv_raw is not None,'the test job must provide its pinned uv on PATH'
E   AssertionError: the test job must provide its pinned uv on PATH
E   assert None is not None
______________ ERROR at setup of test_postrestore_runtime_rebuild ______________
tests/closure/test_installed_vertical.py:93: in installed_cli
    assert uv_raw is not None,'the test job must provide its pinned uv on PATH'
E   AssertionError: the test job must provide its pinned uv on PATH
E   assert None is not None
___________________ ERROR at setup of test_postrestore_query ___________________
tests/closure/test_installed_vertical.py:93: in installed_cli
    assert uv_raw is not None,'the test job must provide its pinned uv on PATH'
E   AssertionError: the test job must provide its pinned uv on PATH
E   assert None is not None
__________________ ERROR at setup of test_delete_projections ___________________
tests/closure/test_installed_vertical.py:93: in installed_cli
    assert uv_raw is not None,'the test job must provide its pinned uv on PATH'
E   AssertionError: the test job must provide its pinned uv on PATH
E   assert None is not None
___________________ ERROR at setup of test_rebuild_markdown ____________________
tests/closure/test_installed_vertical.py:93: in installed_cli
    assert uv_raw is not None,'the test job must provide its pinned uv on PATH'
E   AssertionError: the test job must provide its pinned uv on PATH
E   assert None is not None
____________________ ERROR at setup of test_rebuild_export _____________________
tests/closure/test_installed_vertical.py:93: in installed_cli
    assert uv_raw is not None,'the test job must provide its pinned uv on PATH'
E   AssertionError: the test job must provide its pinned uv on PATH
E   assert None is not None
____________________ ERROR at setup of test_rebuild_runtime ____________________
tests/closure/test_installed_vertical.py:93: in installed_cli
    assert uv_raw is not None,'the test job must provide its pinned uv on PATH'
E   AssertionError: the test job must provide its pinned uv on PATH
E   assert None is not None
_________________ ERROR at setup of test_rebuild_mapping_query _________________
tests/closure/test_installed_vertical.py:93: in installed_cli
    assert uv_raw is not None,'the test job must provide its pinned uv on PATH'
E   AssertionError: the test job must provide its pinned uv on PATH
E   assert None is not None
_____________________ ERROR at setup of test_delete_truth ______________________
tests/closure/test_installed_vertical.py:93: in installed_cli
    assert uv_raw is not None,'the test job must provide its pinned uv on PATH'
E   AssertionError: the test job must provide its pinned uv on PATH
E   assert None is not None
__________________ ERROR at setup of test_catalog_stale_head ___________________
tests/closure/test_installed_vertical.py:93: in installed_cli
    assert uv_raw is not None,'the test job must provide its pinned uv on PATH'
E   AssertionError: the test job must provide its pinned uv on PATH
E   assert None is not None
__________________ ERROR at setup of test_catalog_stale_index __________________
tests/closure/test_installed_vertical.py:93: in installed_cli
    assert uv_raw is not None,'the test job must provide its pinned uv on PATH'
E   AssertionError: the test job must provide its pinned uv on PATH
E   assert None is not None
_________ ERROR at setup of test_prospective_operator_restore_rebuild __________
tests/closure/test_installed_vertical.py:93: in installed_cli
    assert uv_raw is not None,'the test job must provide its pinned uv on PATH'
E   AssertionError: the test job must provide its pinned uv on PATH
E   assert None is not None
=================================== FAILURES ===================================
________ test_fresh_wheel_exposes_equivalent_entries_and_workflow_help _________
tests/research/test_light_workflow_installed.py:293: in test_fresh_wheel_exposes_equivalent_entries_and_workflow_help
    wheel = _build_wheel(python, tmp_path)
            ^^^^^^^^^^^^^^^^^^^^^^^^^^^^^^
tests/research/test_light_workflow_installed.py:170: in _build_wheel
    pytest.fail(
E   Failed: cannot build an offline wheel: uv is not on PATH/LW2_UV and LW2_UV_CACHE/UV_CACHE_DIR is unset or missing
____ test_batch_or_intermediate_fifo_or_socket_is_unsafe_json[socket-batch] ____
/Users/huangzhanpeng/python_code/video-paper-wiki/.work/parallel/full-todo-v1/terminal-1/source/tests/security/test_work_staging_boundary.py:866: in test_batch_or_intermediate_fifo_or_socket_is_unsafe_json
    server = plant_unix_socket(target)
             ^^^^^^^^^^^^^^^^^^^^^^^^^
/Users/huangzhanpeng/python_code/video-paper-wiki/.work/parallel/full-todo-v1/terminal-1/source/tests/support.py:26: in plant_unix_socket
    server.bind(str(short));server.listen(1);os.rename(short,path)
    ^^^^^^^^^^^^^^^^^^^^^^^
E   PermissionError: [Errno 1] Operation not permitted
_ test_batch_or_intermediate_fifo_or_socket_is_unsafe_json[socket-intermediate] _
/Users/huangzhanpeng/python_code/video-paper-wiki/.work/parallel/full-todo-v1/terminal-1/source/tests/security/test_work_staging_boundary.py:866: in test_batch_or_intermediate_fifo_or_socket_is_unsafe_json
    server = plant_unix_socket(target)
             ^^^^^^^^^^^^^^^^^^^^^^^^^
/Users/huangzhanpeng/python_code/video-paper-wiki/.work/parallel/full-todo-v1/terminal-1/source/tests/support.py:26: in plant_unix_socket
    server.bind(str(short));server.listen(1);os.rename(short,path)
    ^^^^^^^^^^^^^^^^^^^^^^^
E   PermissionError: [Errno 1] Operation not permitted
_____________________ test_unix_socket_sentinel_unchanged ______________________
/Users/huangzhanpeng/python_code/video-paper-wiki/.work/parallel/full-todo-v1/terminal-1/source/tests/security/test_work_staging_boundary.py:996: in test_unix_socket_sentinel_unchanged
    server = plant_unix_socket(sock_path)
             ^^^^^^^^^^^^^^^^^^^^^^^^^^^^
/Users/huangzhanpeng/python_code/video-paper-wiki/.work/parallel/full-todo-v1/terminal-1/source/tests/support.py:26: in plant_unix_socket
    server.bind(str(short));server.listen(1);os.rename(short,path)
    ^^^^^^^^^^^^^^^^^^^^^^^
E   PermissionError: [Errno 1] Operation not permitted
___________________ test_plan_ref_blob_special_files[socket] ___________________
/Users/huangzhanpeng/python_code/video-paper-wiki/.work/parallel/full-todo-v1/terminal-1/source/tests/unit/test_prepare.py:447: in test_plan_ref_blob_special_files
    server = _plant_special(plan_path, kind)
             ^^^^^^^^^^^^^^^^^^^^^^^^^^^^^^^
/Users/huangzhanpeng/python_code/video-paper-wiki/.work/parallel/full-todo-v1/terminal-1/source/tests/unit/test_prepare.py:418: in _plant_special
    server = plant_unix_socket(path)
             ^^^^^^^^^^^^^^^^^^^^^^^
/Users/huangzhanpeng/python_code/video-paper-wiki/.work/parallel/full-todo-v1/terminal-1/source/tests/support.py:26: in plant_unix_socket
    server.bind(str(short));server.listen(1);os.rename(short,path)
    ^^^^^^^^^^^^^^^^^^^^^^^
E   PermissionError: [Errno 1] Operation not permitted
_________________ test_missing_symlink_dir_fifo_socket_device __________________
tests/unit/test_secure_io.py:204: in test_missing_symlink_dir_fifo_socket_device
    server = plant_unix_socket(sock_path)
             ^^^^^^^^^^^^^^^^^^^^^^^^^^^^
tests/support.py:26: in plant_unix_socket
    server.bind(str(short));server.listen(1);os.rename(short,path)
    ^^^^^^^^^^^^^^^^^^^^^^^
E   PermissionError: [Errno 1] Operation not permitted
=========================== short test summary info ============================
FAILED tests/research/test_light_workflow_installed.py::test_fresh_wheel_exposes_equivalent_entries_and_workflow_help
FAILED tests/security/test_work_staging_boundary.py::test_batch_or_intermediate_fifo_or_socket_is_unsafe_json[socket-batch]
FAILED tests/security/test_work_staging_boundary.py::test_batch_or_intermediate_fifo_or_socket_is_unsafe_json[socket-intermediate]
FAILED tests/security/test_work_staging_boundary.py::test_unix_socket_sentinel_unchanged
FAILED tests/unit/test_prepare.py::test_plan_ref_blob_special_files[socket]
FAILED tests/unit/test_secure_io.py::test_missing_symlink_dir_fifo_socket_device
ERROR tests/closure/test_closure_direct.py::test_prospective_agent_verify_no_build
ERROR tests/closure/test_closure_direct.py::test_prospective_gate_inspect_genesis
ERROR tests/closure/test_closure_direct.py::test_prospective_gate_inspect_successor
ERROR tests/closure/test_closure_direct.py::test_gate_successor_changed_baseline_claims_both_receipt_backed_baselines
ERROR tests/closure/test_closure_direct.py::test_gate_successor_changed_baseline_missing_prior_claim_is_rejected
ERROR tests/closure/test_closure_direct.py::test_gate_successor_second_extra_baseline_claim_is_rejected
ERROR tests/closure/test_closure_direct.py::test_prospective_gate_inspect_fork
ERROR tests/closure/test_closure_direct.py::test_external_gates_remain_open
ERROR tests/closure/test_installed_operator_exact.py::test_operator_nontty_catalog_build
ERROR tests/closure/test_installed_operator_exact.py::test_gate_apply_real_nontty
ERROR tests/closure/test_installed_skills.py::test_skills_fresh_path - Assert...
ERROR tests/closure/test_installed_skills.py::test_skills_no_admin - Assertio...
ERROR tests/closure/test_installed_skills.py::test_skills_no_egress - Asserti...
ERROR tests/closure/test_installed_skills.py::test_skills_no_vault_write - As...
ERROR tests/closure/test_installed_skills.py::test_skills_stale_report - Asse...
ERROR tests/closure/test_installed_skills.py::test_prospective_wheel_skill_phase
ERROR tests/closure/test_installed_vertical.py::test_prospective_wheel_operator_phase
ERROR tests/closure/test_installed_vertical.py::test_three_paper_one_repo - A...
ERROR tests/closure/test_installed_vertical.py::test_postrestore_domain_audit
ERROR tests/closure/test_installed_vertical.py::test_postrestore_locator_resolution
ERROR tests/closure/test_installed_vertical.py::test_postrestore_compile - As...
ERROR tests/closure/test_installed_vertical.py::test_postrestore_strict_lint
ERROR tests/closure/test_installed_vertical.py::test_postrestore_runtime_rebuild
ERROR tests/closure/test_installed_vertical.py::test_postrestore_query - Asse...
ERROR tests/closure/test_installed_vertical.py::test_delete_projections - Ass...
ERROR tests/closure/test_installed_vertical.py::test_rebuild_markdown - Asser...
ERROR tests/closure/test_installed_vertical.py::test_rebuild_export - Asserti...
ERROR tests/closure/test_installed_vertical.py::test_rebuild_runtime - Assert...
ERROR tests/closure/test_installed_vertical.py::test_rebuild_mapping_query - ...
ERROR tests/closure/test_installed_vertical.py::test_delete_truth - Assertion...
ERROR tests/closure/test_installed_vertical.py::test_catalog_stale_head - Ass...
ERROR tests/closure/test_installed_vertical.py::test_catalog_stale_index - As...
ERROR tests/closure/test_installed_vertical.py::test_prospective_operator_restore_rebuild
6 failed, 2720 passed, 33 errors in 149.40s (0:02:29)
