Using Python 3.13.13 environment at: .work/environments/manual-pdf
Resolved 108 packages in 9ms
Downloading sympy (6.0MiB)
Downloading networkx (2.0MiB)
Downloading pygments (1.2MiB)
Downloading opencv-python (46.1MiB)
Downloading lxml (8.2MiB)
Downloading pandas (9.5MiB)
Downloading shapely (1.6MiB)
Downloading numpy (5.1MiB)
Downloading faker (2.0MiB)
Downloading pillow (4.6MiB)
Downloading tokenizers (2.8MiB)
Downloading pydantic-core (1.8MiB)
Downloading pypdfium2 (3.3MiB)
Downloading torchvision (1.7MiB)
Downloading transformers (10.1MiB)
Downloading docling-parse (9.3MiB)
Downloading torch (121.4MiB)
Downloading rapidocr (26.0MiB)
Downloading scipy (19.5MiB)
Downloading hf-xet (3.7MiB)
   Building antlr4-python3-runtime==4.9.3
      Built antlr4-python3-runtime==4.9.3
 Downloaded pygments
 Downloaded shapely
 Downloaded torchvision
 Downloaded networkx
 Downloaded pydantic-core
 Downloaded faker
 Downloaded tokenizers
 Downloaded pypdfium2
 Downloaded hf-xet
 Downloaded pillow
 Downloaded numpy
 Downloaded sympy
 Downloaded lxml
 Downloaded docling-parse
 Downloaded pandas
 Downloaded transformers
 Downloaded scipy
 Downloaded rapidocr
 Downloaded opencv-python
 Downloaded torch
Prepared 107 packages in 6m 33s
Installed 108 packages in 369ms
 + accelerate==1.14.0
 + annotated-doc==0.0.5
 + annotated-types==0.8.0
 + antlr4-python3-runtime==4.9.3
 + anyio==4.15.1
 + attrs==26.1.0
 + beautifulsoup4==4.15.0
 + certifi==2026.7.22
 + charset-normalizer==3.5.1
 + click==8.5.0
 + colorlog==6.12.0
 + defusedxml==0.7.1
 + dill==0.4.1
 + doclang==0.7.3
 + docling==2.117.0
 + docling-core==2.92.0
 + docling-ibm-models==3.15.0
 + docling-parse==7.17.0
 + docling-slim==2.117.0
 + et-xmlfile==2.0.0
 + faker==40.38.0
 + filelock==3.32.5
 + filetype==1.2.0
 + fsspec==2026.7.0
 + h11==0.16.0
 + hatchling==1.32.0
 + hf-xet==1.6.0
 + httpcore==1.0.9
 + httpx==0.28.1
 + huggingface-hub==1.30.0
 + idna==3.19
 + iniconfig==2.3.0
 + jinja2==3.1.6
 + jsonlines==4.0.0
 + jsonref==1.1.0
 + jsonschema==4.26.0
 + jsonschema-specifications==2025.9.1
 + latex2mathml==3.81.0
 + lxml==6.1.3
 + mail-parser==4.6.4
 + markdown-it-py==4.2.0
 + marko==2.2.4
 + markupsafe==3.0.3
 + mdurl==0.1.2
 + mpire==2.10.2
 + mpmath==1.3.0
 + multiprocess==0.70.19
 + networkx==3.6.1
 + numpy==2.5.2
 + omegaconf==2.3.1
 + opencv-python==5.0.0.93
 + openpyxl==3.1.5
 + packaging==26.3
 + pandas==3.0.5
 + pathspec==1.1.1
 + pillow==12.3.0
 + pluggy==1.6.0
 + polyfactory==3.3.0
 + psutil==7.2.2
 + pyclipper==1.4.0
 + pydantic==2.13.5
 + pydantic-core==2.46.5
 + pydantic-settings==2.15.0
 + pygments==2.21.0
 + pylatexenc==2.11
 + pypdf==6.16.2
 + pypdfium2==5.13.0
 + pytest==9.1.1
 + python-dateutil==2.9.0.post0
 + python-docx==1.2.0
 + python-dotenv==1.2.3
 + python-pptx==1.0.2
 + pyyaml==6.0.3
 + rapidocr==3.9.2
 + referencing==0.37.0
 + regex==2026.9.3
 + requests==2.34.2
 + rich==15.0.0
 + rpds-py==2026.6.3
 + rtree==1.4.1
 + safetensors==0.8.0
 + scipy==1.18.1
 + semchunk==3.2.5
 + setuptools==84.0.0
 + shapely==2.1.2
 + shellingham==1.5.4
 + six==1.17.0
 + soupsieve==2.9.2
 + sympy==1.14.0
 + tabulate==0.10.0
 + tokenizers==0.22.2
 + tomlkit==0.15.1
 + torch==2.14.0
 + torchvision==0.29.0
 + tqdm==4.70.0
 + transformers==5.8.1
 + tree-sitter==0.26.0
 + tree-sitter-c==0.24.2
 + tree-sitter-javascript==0.25.0
 + tree-sitter-python==0.25.0
 + tree-sitter-typescript==0.23.2
 + trove-classifiers==2026.6.1.19
 + typer==0.26.8
 + typing-extensions==4.16.0
 + typing-inspection==0.4.4
 + urllib3==2.7.0
 + websockets==16.1.1
 + xlsxwriter==3.2.9
