DOWNLOAD model.safetensors (171,658,996 bytes)
DOWNLOAD config.json (3,268 bytes)
VERIFIED config.json (1.4s)
DOWNLOAD preprocessor_config.json (444 bytes)
VERIFIED preprocessor_config.json (1.4s)
DOWNLOAD model_artifacts/tableformer/accurate/tableformer_accurate.safetensors (212,758,388 bytes)
model.safetensors: 12,582,912/171,658,996 bytes
model_artifacts/tableformer/accurate/tableformer_accurate.safetensors: 13,631,488/212,758,388 bytes
model.safetensors: 23,068,672/171,658,996 bytes
model_artifacts/tableformer/accurate/tableformer_accurate.safetensors: 25,165,824/212,758,388 bytes
model.safetensors: 38,797,312/171,658,996 bytes
model_artifacts/tableformer/accurate/tableformer_accurate.safetensors: 36,700,160/212,758,388 bytes
model.safetensors: 55,574,528/171,658,996 bytes
model_artifacts/tableformer/accurate/tableformer_accurate.safetensors: 52,428,800/212,758,388 bytes
model.safetensors: 73,400,320/171,658,996 bytes
model_artifacts/tableformer/accurate/tableformer_accurate.safetensors: 74,448,896/212,758,388 bytes
model.safetensors: 94,371,840/171,658,996 bytes
model_artifacts/tableformer/accurate/tableformer_accurate.safetensors: 92,274,688/212,758,388 bytes
model.safetensors: 113,246,208/171,658,996 bytes
model_artifacts/tableformer/accurate/tableformer_accurate.safetensors: 113,246,208/212,758,388 bytes
model.safetensors: 133,169,152/171,658,996 bytes
model_artifacts/tableformer/accurate/tableformer_accurate.safetensors: 125,829,120/212,758,388 bytes
model.safetensors: 147,849,216/171,658,996 bytes
model_artifacts/tableformer/accurate/tableformer_accurate.safetensors: 142,606,336/212,758,388 bytes
model.safetensors: 166,723,584/171,658,996 bytes
VERIFIED model.safetensors (213.3s)
DOWNLOAD model_artifacts/tableformer/accurate/tm_config.json (7,060 bytes)
model_artifacts/tableformer/accurate/tableformer_accurate.safetensors: 158,334,976/212,758,388 bytes
