=== declared build-system ===
{'requires': ['hatchling'], 'build-backend': 'hatchling.build'}
=== parser-executor build-system ===
{'requires': ['hatchling'], 'build-backend': 'hatchling.build'}
=== shared venv hatchling ===
Traceback (most recent call last):
  File "<string>", line 1, in <module>
    import hatchling
ModuleNotFoundError: No module named 'hatchling'
MISSING_IN_SHARED_VENV
=== uv cache hatchling path count ===
0
offline_exit=2
Building wheel...
error: Failed to build `/private/tmp/vpwiki-wheel-handoff/work/candidate`
  Caused by: Failed to resolve requirements from `build-system.requires`
  Caused by: No solution found when resolving: `hatchling`
  Caused by: Because hatchling was not found in the cache and you require hatchling, we can conclude that your requirements are unsatisfiable.

hint: Packages were unavailable because the network was disabled. When the network is disabled, registry packages may only be read from the cache.
build_python=/private/tmp/vpwiki-wheel-handoff/work/build-venv/bin/python
/private/tmp/vpwiki-wheel-handoff/work/build-venv/bin/python
prefix /private/tmp/vpwiki-wheel-handoff/work/build-venv
3.13.13 | packaged by Anaconda, Inc. | (main, Apr 14 2026, 06:14:06) [Clang 20.1.8 ]
hatchling_install_exit=0
