........................................................................ [  3%]
........................................................................ [  6%]
........................................................................ [  9%]
........................................................................ [ 12%]
........................................................................ [ 15%]
........................................................................ [ 18%]
........................................................................ [ 21%]
........................................................................ [ 24%]
........................................................................ [ 27%]
........................................................................ [ 30%]
........................................................................ [ 33%]
.......................F................................................ [ 36%]
........................................................................ [ 39%]
........................................................................ [ 42%]
........................................................................ [ 45%]
........................................................................ [ 48%]
........................................................................ [ 51%]
........................................................................ [ 54%]
........................................................................ [ 57%]
........................................................................ [ 60%]
........................................................................ [ 63%]
........................................................................ [ 66%]
........................................................................ [ 69%]
........................................................................ [ 72%]
........................................................................ [ 75%]
........................................................................ [ 78%]
........................................................................ [ 81%]
........................................................................ [ 84%]
........................................................................ [ 87%]
........................................................................ [ 90%]
........................................................................ [ 93%]
........................................................................ [ 96%]
........................................................................ [ 99%]
......                                                                   [100%]
=================================== FAILURES ===================================
__________________________ test_vpwiki_script_exists ___________________________

    def test_vpwiki_script_exists() -> None:
        script = Path(sys.executable).parent / "vpwiki"
>       assert script.is_file()
E       AssertionError: assert False
E        +  where False = is_file()
E        +    where is_file = PosixPath('/private/tmp/l4r5.s54ypl35/locked-312/bin/vpwiki').is_file

tests/security/test_cli_isolation.py:16: AssertionError
=========================== short test summary info ============================
FAILED tests/security/test_cli_isolation.py::test_vpwiki_script_exists - Asse...
1 failed, 2381 passed in 181.19s (0:03:01)
