[2m2026-09-10T17:19:00.971552Z[0m [33m WARN[0m Failed to fetch models [3merror[0m[2m=[0mNetwork(reqwest::Error { kind: Request, url: "https://cli-chat-proxy.grok.com/v1/models", source: hyper_util::client::legacy::Error(Connect, ConnectError("dns error", Custom { kind: Uncategorized, error: "failed to lookup address information: nodename nor servname provided, or not known" })) })
[2m2026-09-10T17:19:00.973916Z[0m [33m WARN[0m Failed to fetch models [3merror[0m[2m=[0mNetwork(reqwest::Error { kind: Request, url: "https://cli-chat-proxy.grok.com/v1/models", source: hyper_util::client::legacy::Error(Connect, ConnectError("dns error", Custom { kind: Uncategorized, error: "failed to lookup address information: nodename nor servname provided, or not known" })) })
[2m2026-09-10T17:19:00.973981Z[0m [33m WARN[0m model refresh failed, leaving existing models unchanged
[2m2026-09-10T17:19:00.974869Z[0m [33m WARN[0m auto worktree gc failed [3merror[0m[2m=[0mfailed to set journal mode WAL
[2m2026-09-10T17:19:00.975426Z[0m [33m WARN[0m mixpanel track failed [3merror[0m[2m=[0mHTTP request failed: error sending request for url (https://api.mixpanel.com/track) [3mevent[0m[2m=[0mgrok-shell-process_resource_limits
[2m2026-09-10T17:19:00.975543Z[0m [33m WARN[0m proactive bundle sync failed [3merror[0m[2m=[0mNetwork error: error sending request for url (https://cli-chat-proxy.grok.com/v1/bundle/archive)
[2m2026-09-10T17:19:00.975825Z[0m [33m WARN[0m Settings fetch network error: error sending request for url (https://cli-chat-proxy.grok.com/v1/settings) [3mattempt[0m[2m=[0m0
[2m2026-09-10T17:19:00.976469Z[0m [33m WARN[0m mixpanel track failed [3merror[0m[2m=[0mHTTP request failed: error sending request for url (https://api.mixpanel.com/track) [3mevent[0m[2m=[0mgrok-shell-agent_connect
[2m2026-09-10T17:19:00.976681Z[0m [33m WARN[0m skipping local plugin refresh: registry is locked [3mdetail[0m[2m=[0mfailed to open registry lock /Users/huangzhanpeng/.grok/installed-plugins/registry.lock: Operation not permitted (os error 1)
Couldn't create session: Permission denied.: {
  "detail": "Operation not permitted (os error 1)",
  "code": "FS_PERMISSION_DENIED"
}
[2m2026-09-10T17:19:00.977783Z[0m [33m WARN[0m session search bootstrap failed [3merror[0m[2m=[0m"sqlite error: failed to set journal mode WAL after 0ms: unable to open database file"
[2m2026-09-10T17:19:00.978011Z[0m [33m WARN[0m mixpanel track failed [3merror[0m[2m=[0mHTTP request failed: error sending request for url (https://api.mixpanel.com/track) [3mevent[0m[2m=[0mgrok-shell-login
[2m2026-09-10T17:19:00.978247Z[0m [33m WARN[0m mixpanel track failed [3merror[0m[2m=[0mHTTP request failed: error sending request for url (https://api.mixpanel.com/track) [3mevent[0m[2m=[0mgrok-shell-startup_subtimers
[2m2026-09-10T17:19:00.978315Z[0m [33m WARN[0m mixpanel track failed [3merror[0m[2m=[0mHTTP request failed: error sending request for url (https://api.mixpanel.com/track) [3mevent[0m[2m=[0mgrok-shell-startup_completed
[2m2026-09-10T17:19:01.478986Z[0m [33m WARN[0m Settings fetch network error: error sending request for url (https://cli-chat-proxy.grok.com/v1/settings) [3mattempt[0m[2m=[0m1
[2m2026-09-10T17:19:02.482448Z[0m [33m WARN[0m Settings fetch network error: error sending request for url (https://cli-chat-proxy.grok.com/v1/settings) [3mattempt[0m[2m=[0m2
[2m2026-09-10T17:19:02.482566Z[0m [31mERROR[0m Settings fetch failed [3mmax_attempts[0m[2m=[0m3
[2m2026-09-10T17:19:02.485497Z[0m [31mERROR[0m [3mname[0m[2m=[0m"BatchSpanProcessor.ExportError" [3merror[0m[2m=[0m"Operation failed: HTTP export failed: network error"
Error: Couldn't create session: Permission denied.: {
  "detail": "Operation not permitted (os error 1)",
  "code": "FS_PERMISSION_DENIED"
}
