base_empty_catalog: old=ACCEPT new=ACCEPT current=ACCEPT parity=True current_matches=True
resolved_markdown: old=ACCEPT new=ACCEPT current=ACCEPT parity=True current_matches=True
resolved_pdf: old=ACCEPT new=ACCEPT current=ACCEPT parity=True current_matches=True
resolved_code: old=ACCEPT new=ACCEPT current=ACCEPT parity=True current_matches=True
unsupported_legacy_json_pointer_unavailable: old=ACCEPT new=ACCEPT current=ACCEPT parity=True current_matches=True
unsupported_legacy_object_not_text: old=ACCEPT new=ACCEPT current=ACCEPT parity=True current_matches=True
unsupported_legacy_page_not_reconstructable: old=ACCEPT new=ACCEPT current=ACCEPT parity=True current_matches=True
unsupported_legacy_charspan_unavailable: old=ACCEPT new=ACCEPT current=ACCEPT parity=True current_matches=True
unsupported_excerpt_limit: old=ACCEPT new=ACCEPT current=ACCEPT parity=True current_matches=True
resolved_null_excerpt: old=REJECT new=REJECT current=REJECT parity=True current_matches=True
resolved_reason_nonnull: old=REJECT new=REJECT current=REJECT parity=True current_matches=True
resolved_null_hash: old=REJECT new=REJECT current=REJECT parity=True current_matches=True
resolved_null_position: old=REJECT new=REJECT current=REJECT parity=True current_matches=True
resolved_bad_position_kind: old=REJECT new=REJECT current=REJECT parity=True current_matches=True
unsupported_excerpt_string: old=REJECT new=REJECT current=REJECT parity=True current_matches=True
unsupported_hash_string: old=REJECT new=REJECT current=REJECT parity=True current_matches=True
unsupported_reason_null: old=REJECT new=REJECT current=REJECT parity=True current_matches=True
unsupported_reason_unknown: old=REJECT new=REJECT current=REJECT parity=True current_matches=True
unsupported_state_unknown_reason: old=REJECT new=REJECT current=REJECT parity=True current_matches=True
coverage_registered_owned: old=ACCEPT new=ACCEPT current=ACCEPT parity=True current_matches=True
coverage_registered_unclaimed: old=ACCEPT new=ACCEPT current=ACCEPT parity=True current_matches=True
coverage_captured_registered: old=ACCEPT new=ACCEPT current=ACCEPT parity=True current_matches=True
coverage_captured_unregistered: old=ACCEPT new=ACCEPT current=ACCEPT parity=True current_matches=True
coverage_derived_referenced: old=ACCEPT new=ACCEPT current=ACCEPT parity=True current_matches=True
coverage_derived_unreferenced: old=ACCEPT new=ACCEPT current=ACCEPT parity=True current_matches=True
coverage_registered_owned_wrong_reason: old=REJECT new=REJECT current=REJECT parity=True current_matches=True
coverage_registered_unclaimed_wrong_reason: old=REJECT new=REJECT current=REJECT parity=True current_matches=True
coverage_captured_registered_wrong_reason: old=REJECT new=REJECT current=REJECT parity=True current_matches=True
coverage_captured_unregistered_wrong_reason: old=REJECT new=REJECT current=REJECT parity=True current_matches=True
coverage_derived_referenced_wrong_reason: old=REJECT new=REJECT current=REJECT parity=True current_matches=True
coverage_derived_unreferenced_wrong_reason: old=REJECT new=REJECT current=REJECT parity=True current_matches=True
coverage_unknown_state: old=REJECT new=REJECT current=REJECT parity=True current_matches=True
TOTAL cases=32 schema_parity=32 current_matches=32
