{
  "synthetic_only": true,
  "temporary_workspace_cleaned": true,
  "modules": {
    "/Users/huangzhanpeng/python_code/video-paper-wiki/.work/parallel/lightweight-workflow-v2/terminal-3/source/src/video_paper_wiki_research/light_workflow.py": "74f33c8534bd519e2ae7cd4efc663a8f9829b908da027b500cea6887695ef197",
    "/Users/huangzhanpeng/python_code/video-paper-wiki/.work/parallel/lightweight-workflow-v2/terminal-3/source/src/video_paper_wiki_research/light_index.py": "c05abaa47217ca4007c38ecf1072d60479eb1f0c424ec2eebbcdf4e10ee26ac1",
    "/Users/huangzhanpeng/python_code/video-paper-wiki/.work/parallel/lightweight-workflow-v2/terminal-3/source/src/video_paper_wiki_research/light_context.py": "ef8e41eefb00a66542ec0882e7710c4684e77dd4f6378d10fc8d7b7164b53cc3"
  },
  "observations": [
    {
      "case": "valid_control",
      "prepare": {
        "ok": true,
        "status": "OK",
        "state": "awaiting_model",
        "session_id": "91b5ba65268837e69369371fd741fb9f6372d4df5210ba14aab49f2118b4e3bf",
        "message": "workflow session is awaiting_model"
      },
      "complete": {
        "ok": true,
        "status": "OK",
        "state": "complete",
        "session_id": "91b5ba65268837e69369371fd741fb9f6372d4df5210ba14aab49f2118b4e3bf",
        "message": "workflow output is complete"
      }
    },
    {
      "case": "source_change_after_staging_before_publication",
      "injected": true,
      "result": {
        "ok": true,
        "status": "OK",
        "state": "stale",
        "session_id": "52f9805347607a6ed6e852e679051cd41f13b1807738d55a7652171db9ccacc5",
        "message": "workflow session is stale"
      },
      "published_sessions": 1
    },
    {
      "case": "symlink_state_.light-workflow",
      "result": {
        "ok": true,
        "status": "OK",
        "state": "awaiting_model",
        "session_id": "cb77a3ae08fb77ac6eb69dd76d028bbfdd06d7fdf04b21327b7181c6feb91e5f",
        "message": "workflow session is awaiting_model"
      },
      "external_files": [
        "locks/workspace.lock",
        "sessions/cb77a3ae08fb77ac6eb69dd76d028bbfdd06d7fdf04b21327b7181c6feb91e5f/context.json",
        "sessions/cb77a3ae08fb77ac6eb69dd76d028bbfdd06d7fdf04b21327b7181c6feb91e5f/manifest.json",
        "sessions/cb77a3ae08fb77ac6eb69dd76d028bbfdd06d7fdf04b21327b7181c6feb91e5f/request.json"
      ]
    },
    {
      "case": "symlink_state_.light-workflow/sessions",
      "result": {
        "ok": true,
        "status": "OK",
        "state": "awaiting_model",
        "session_id": "a423a64a88562de3c44aab0d45a96b0fc27e49d9c61e192238517c386ed44d53",
        "message": "workflow session is awaiting_model"
      },
      "external_files": [
        "a423a64a88562de3c44aab0d45a96b0fc27e49d9c61e192238517c386ed44d53/context.json",
        "a423a64a88562de3c44aab0d45a96b0fc27e49d9c61e192238517c386ed44d53/manifest.json",
        "a423a64a88562de3c44aab0d45a96b0fc27e49d9c61e192238517c386ed44d53/request.json"
      ]
    },
    {
      "case": "symlink_state_.light-workflow/staging",
      "result": {
        "ok": true,
        "status": "OK",
        "state": "awaiting_model",
        "session_id": "68f511acd50bb4b96fb4642fb11490d74a67385314376739bc5930465412cc77",
        "message": "workflow session is awaiting_model"
      },
      "external_files": []
    },
    {
      "case": "symlink_state_.light-workflow/locks",
      "result": {
        "ok": true,
        "status": "OK",
        "state": "awaiting_model",
        "session_id": "4619ed10e53277e7fc57f1efa1ea41de3ad2b8e98fab08651d7903a90b0d0bdf",
        "message": "workflow session is awaiting_model"
      },
      "external_files": [
        "workspace.lock"
      ]
    },
    {
      "case": "unowned_fixed_temporary_file",
      "result": {
        "ok": true,
        "status": "OK",
        "state": "complete",
        "session_id": "0ee27444ea30d2d2828886a8eb58eace7d75ae965bea2d008c4ea580a31d9d83",
        "message": "workflow output is complete"
      },
      "unknown_file_preserved": false
    },
    {
      "case": "rehashed_invalid_request_fields",
      "status": {
        "ok": true,
        "status": "OK",
        "state": "awaiting_model",
        "session_id": "959f03ef2e40459b61d342220eea137cc5db4a691b9c1fb42a18d4383793b154",
        "message": "workflow session is awaiting_model"
      },
      "complete": {
        "ok": true,
        "status": "OK",
        "state": "complete",
        "session_id": "959f03ef2e40459b61d342220eea137cc5db4a691b9c1fb42a18d4383793b154",
        "message": "workflow output is complete"
      }
    }
  ]
}
