Using Python 3.12.14 environment at: artifacts/verification/manual-pdf-v1/full-todo-v1/source-catalog-local-r1/CF/installed-wheel-cli-r1/runtime-312/venv
WARN jsonschema==4.26.0 needs to be downloaded from a registry
WARN jsonschema needs to be downloaded from a registry
WARN jsonschema==4.25.1 needs to be downloaded from a registry
WARN jsonschema needs to be downloaded from a registry
WARN jsonschema==4.25.0 needs to be downloaded from a registry
WARN jsonschema needs to be downloaded from a registry
WARN jsonschema==4.24.1 needs to be downloaded from a registry
WARN jsonschema needs to be downloaded from a registry
WARN jsonschema==4.24.0 needs to be downloaded from a registry
WARN jsonschema needs to be downloaded from a registry
WARN jsonschema==4.23.0 needs to be downloaded from a registry
WARN jsonschema needs to be downloaded from a registry
WARN jsonschema==4.22.0 needs to be downloaded from a registry
WARN jsonschema==4.21.1 needs to be downloaded from a registry
WARN jsonschema needs to be downloaded from a registry
WARN jsonschema==4.21.0 needs to be downloaded from a registry
WARN jsonschema needs to be downloaded from a registry
WARN jsonschema==4.20.0 needs to be downloaded from a registry
WARN jsonschema needs to be downloaded from a registry
WARN jsonschema needs to be downloaded from a registry
WARN jsonschema==4.19.2 needs to be downloaded from a registry
WARN jsonschema==4.19.0 needs to be downloaded from a registry
WARN jsonschema==4.18.6 needs to be downloaded from a registry
WARN jsonschema==4.19.1 needs to be downloaded from a registry
WARN jsonschema==4.18.5 needs to be downloaded from a registry
WARN jsonschema==4.18.4 needs to be downloaded from a registry
WARN jsonschema needs to be downloaded from a registry
WARN jsonschema==4.18.3 needs to be downloaded from a registry
WARN jsonschema==4.18.2 needs to be downloaded from a registry
WARN jsonschema needs to be downloaded from a registry
WARN jsonschema needs to be downloaded from a registry
WARN jsonschema needs to be downloaded from a registry
WARN jsonschema needs to be downloaded from a registry
WARN jsonschema needs to be downloaded from a registry
WARN jsonschema==4.18.1 needs to be downloaded from a registry
WARN jsonschema needs to be downloaded from a registry
WARN jsonschema==4.18.0 needs to be downloaded from a registry
WARN jsonschema needs to be downloaded from a registry
WARN jsonschema needs to be downloaded from a registry
WARN jsonschema needs to be downloaded from a registry
WARN jsonschema==4.17.3 needs to be downloaded from a registry
WARN jsonschema==4.17.1 needs to be downloaded from a registry
WARN jsonschema==4.17.0 needs to be downloaded from a registry
WARN jsonschema needs to be downloaded from a registry
WARN jsonschema==4.15.0 needs to be downloaded from a registry
WARN jsonschema needs to be downloaded from a registry
WARN jsonschema==4.16.0 needs to be downloaded from a registry
WARN jsonschema needs to be downloaded from a registry
WARN jsonschema==4.14.0 needs to be downloaded from a registry
WARN jsonschema needs to be downloaded from a registry
WARN jsonschema==4.12.1 needs to be downloaded from a registry
WARN jsonschema needs to be downloaded from a registry
WARN jsonschema==4.12.0 needs to be downloaded from a registry
WARN jsonschema needs to be downloaded from a registry
WARN jsonschema==4.13.0 needs to be downloaded from a registry
WARN jsonschema==4.10.3 needs to be downloaded from a registry
WARN jsonschema==4.10.1 needs to be downloaded from a registry
WARN jsonschema needs to be downloaded from a registry
WARN jsonschema==4.10.2 needs to be downloaded from a registry
WARN jsonschema needs to be downloaded from a registry
WARN jsonschema needs to be downloaded from a registry
WARN jsonschema==4.10.0 needs to be downloaded from a registry
WARN jsonschema==4.11.0 needs to be downloaded from a registry
WARN jsonschema==4.9.1 needs to be downloaded from a registry
WARN jsonschema==4.8.0 needs to be downloaded from a registry
WARN jsonschema needs to be downloaded from a registry
WARN jsonschema==4.9.0 needs to be downloaded from a registry
WARN jsonschema needs to be downloaded from a registry
WARN jsonschema==4.7.1 needs to be downloaded from a registry
WARN jsonschema needs to be downloaded from a registry
WARN jsonschema==4.7.2 needs to be downloaded from a registry
WARN jsonschema needs to be downloaded from a registry
WARN jsonschema==4.7.0 needs to be downloaded from a registry
WARN jsonschema needs to be downloaded from a registry
WARN jsonschema needs to be downloaded from a registry
WARN jsonschema needs to be downloaded from a registry
WARN jsonschema needs to be downloaded from a registry
WARN jsonschema needs to be downloaded from a registry
WARN jsonschema needs to be downloaded from a registry
WARN jsonschema needs to be downloaded from a registry
WARN jsonschema==4.5.1 needs to be downloaded from a registry
WARN jsonschema==4.6.2 needs to be downloaded from a registry
WARN jsonschema==4.6.1 needs to be downloaded from a registry
WARN jsonschema==4.6.0 needs to be downloaded from a registry
WARN jsonschema==4.5.0 needs to be downloaded from a registry
WARN jsonschema==4.4.0 needs to be downloaded from a registry
WARN jsonschema==4.3.3 needs to be downloaded from a registry
WARN jsonschema==4.2.1 needs to be downloaded from a registry
WARN jsonschema==4.3.0 needs to be downloaded from a registry
WARN jsonschema==4.2.0 needs to be downloaded from a registry
WARN jsonschema==4.3.1 needs to be downloaded from a registry
WARN jsonschema==4.3.2 needs to be downloaded from a registry
WARN jsonschema==4.1.2 needs to be downloaded from a registry
WARN jsonschema==4.1.1 needs to be downloaded from a registry
WARN jsonschema==4.0.1 needs to be downloaded from a registry
WARN jsonschema==4.1.0 needs to be downloaded from a registry
WARN jsonschema==3.2.0 needs to be downloaded from a registry
WARN jsonschema==3.1.1 needs to be downloaded from a registry
WARN jsonschema==3.1.0 needs to be downloaded from a registry
WARN jsonschema==3.0.2 needs to be downloaded from a registry
WARN jsonschema==3.0.1 needs to be downloaded from a registry
WARN jsonschema==3.0.0 needs to be downloaded from a registry
WARN jsonschema==2.6.0 needs to be downloaded from a registry
WARN jsonschema needs to be downloaded from a registry
WARN jsonschema needs to be downloaded from a registry
WARN jsonschema needs to be downloaded from a registry
WARN jsonschema needs to be downloaded from a registry
WARN jsonschema needs to be downloaded from a registry
WARN jsonschema needs to be downloaded from a registry
WARN jsonschema needs to be downloaded from a registry
WARN jsonschema needs to be downloaded from a registry
WARN jsonschema needs to be downloaded from a registry
WARN jsonschema needs to be downloaded from a registry
WARN jsonschema==2.5.1 needs to be downloaded from a registry
WARN jsonschema needs to be downloaded from a registry
WARN jsonschema==2.4.0 needs to be downloaded from a registry
WARN jsonschema needs to be downloaded from a registry
WARN jsonschema==2.3.0 needs to be downloaded from a registry
WARN jsonschema needs to be downloaded from a registry
WARN jsonschema needs to be downloaded from a registry
WARN jsonschema needs to be downloaded from a registry
WARN jsonschema needs to be downloaded from a registry
WARN jsonschema needs to be downloaded from a registry
WARN jsonschema needs to be downloaded from a registry
WARN jsonschema needs to be downloaded from a registry
WARN jsonschema needs to be downloaded from a registry
WARN jsonschema needs to be downloaded from a registry
WARN jsonschema needs to be downloaded from a registry
WARN jsonschema needs to be downloaded from a registry
WARN jsonschema needs to be downloaded from a registry
WARN jsonschema==4.18.0a10 needs to be downloaded from a registry
WARN jsonschema==4.18.0a9 needs to be downloaded from a registry
WARN jsonschema==4.18.0a7 needs to be downloaded from a registry
WARN jsonschema==4.18.0a8 needs to be downloaded from a registry
WARN jsonschema==4.18.0a6 needs to be downloaded from a registry
WARN jsonschema==4.18.0a4 needs to be downloaded from a registry
WARN jsonschema==4.18.0a3 needs to be downloaded from a registry
WARN jsonschema==4.18.0a5 needs to be downloaded from a registry
WARN jsonschema==4.18.0a2 needs to be downloaded from a registry
WARN jsonschema==4.18.0a1 needs to be downloaded from a registry
WARN jsonschema==4.1.0a1 needs to be downloaded from a registry
WARN jsonschema==4.0.0a6 needs to be downloaded from a registry
WARN jsonschema==4.0.0a4 needs to be downloaded from a registry
WARN jsonschema==4.0.0a5 needs to be downloaded from a registry
WARN jsonschema==4.0.0a3 needs to be downloaded from a registry
WARN jsonschema==4.0.0a2 needs to be downloaded from a registry
WARN jsonschema==3.0.0b3 needs to be downloaded from a registry
WARN jsonschema==3.0.0b2 needs to be downloaded from a registry
WARN jsonschema==4.0.0a1 needs to be downloaded from a registry
WARN jsonschema==3.0.0b1 needs to be downloaded from a registry
WARN jsonschema==3.0.0a6 needs to be downloaded from a registry
WARN jsonschema==3.0.0a3 needs to be downloaded from a registry
WARN jsonschema==3.0.0a4 needs to be downloaded from a registry
WARN jsonschema==3.0.0a5 needs to be downloaded from a registry
WARN jsonschema==3.0.0a1 needs to be downloaded from a registry
WARN jsonschema==3.0.0a2 needs to be downloaded from a registry
WARN jsonschema==2.5.0 needs to be downloaded from a registry
WARN jsonschema needs to be downloaded from a registry
WARN jsonschema needs to be downloaded from a registry
WARN jsonschema needs to be downloaded from a registry
WARN jsonschema==2.2.0 needs to be downloaded from a registry
WARN jsonschema needs to be downloaded from a registry
WARN jsonschema==2.1.0 needs to be downloaded from a registry
WARN jsonschema needs to be downloaded from a registry
WARN jsonschema==2.0.0 needs to be downloaded from a registry
WARN jsonschema needs to be downloaded from a registry
WARN jsonschema==1.3.0 needs to be downloaded from a registry
WARN jsonschema needs to be downloaded from a registry
WARN jsonschema==1.2.0 needs to be downloaded from a registry
WARN jsonschema needs to be downloaded from a registry
WARN jsonschema==1.1.0 needs to be downloaded from a registry
WARN jsonschema needs to be downloaded from a registry
WARN jsonschema==1.0.0 needs to be downloaded from a registry
WARN jsonschema needs to be downloaded from a registry
WARN jsonschema==0.8.0 needs to be downloaded from a registry
WARN jsonschema needs to be downloaded from a registry
WARN jsonschema==0.7 needs to be downloaded from a registry
WARN jsonschema needs to be downloaded from a registry
WARN jsonschema==0.6 needs to be downloaded from a registry
WARN jsonschema needs to be downloaded from a registry
WARN jsonschema==0.5 needs to be downloaded from a registry
WARN jsonschema needs to be downloaded from a registry
WARN jsonschema==0.4 needs to be downloaded from a registry
WARN jsonschema needs to be downloaded from a registry
WARN jsonschema==0.3 needs to be downloaded from a registry
WARN jsonschema needs to be downloaded from a registry
WARN jsonschema==0.2 needs to be downloaded from a registry
WARN jsonschema needs to be downloaded from a registry
WARN jsonschema needs to be downloaded from a registry
WARN jsonschema needs to be downloaded from a registry
WARN jsonschema needs to be downloaded from a registry
WARN jsonschema needs to be downloaded from a registry
WARN jsonschema needs to be downloaded from a registry
WARN jsonschema needs to be downloaded from a registry
WARN jsonschema needs to be downloaded from a registry
WARN jsonschema needs to be downloaded from a registry
WARN jsonschema needs to be downloaded from a registry
WARN jsonschema needs to be downloaded from a registry
WARN jsonschema needs to be downloaded from a registry
WARN jsonschema needs to be downloaded from a registry
WARN jsonschema needs to be downloaded from a registry
WARN jsonschema needs to be downloaded from a registry
WARN jsonschema needs to be downloaded from a registry
WARN jsonschema needs to be downloaded from a registry
WARN jsonschema needs to be downloaded from a registry
WARN jsonschema needs to be downloaded from a registry
WARN jsonschema needs to be downloaded from a registry
WARN jsonschema needs to be downloaded from a registry
WARN jsonschema needs to be downloaded from a registry
WARN jsonschema needs to be downloaded from a registry
WARN jsonschema needs to be downloaded from a registry
WARN jsonschema needs to be downloaded from a registry
WARN jsonschema needs to be downloaded from a registry
WARN jsonschema needs to be downloaded from a registry
WARN jsonschema==0.1a0 needs to be downloaded from a registry
WARN jsonschema needs to be downloaded from a registry
  × No solution found when resolving dependencies:
  ╰─▶ Because all of:
          jsonschema<=4.0.0a6
          jsonschema>=4.0.1
       need to be downloaded from a registry and only the following versions
      of jsonschema are available:
          jsonschema<=4.0.0a6
          jsonschema==4.0.0
          jsonschema>=4.0.1
      we can conclude that all of:
          jsonschema<4.0.0
          jsonschema>4.0.0
       cannot be used.
      And because jsonschema==4.0.0 was yanked (reason: Improper
      python_requires declaration) and you require jsonschema, we can conclude
      that your requirements are unsatisfiable.

hint: Packages were unavailable because the network was disabled. When the network is disabled, registry packages may only be read from the cache.
