...........F. [ 76%]
....                        [100%]
=================================== FAILURES ===================================
____ TestCodeConfigParser.test_scanner_error_content_omits_source_sentinels ____
tests/unit/test_code_config_parser.py:839: in test_scanner_error_content_omits_source_sentinels
    mod.CODE_CONFIG_DUPLICATE_KEY,
    ^^^^^^^^^^^^^^^^^^^^^^^^^^^^^
E   AttributeError: module 'video_paper_wiki.code_config_parser' has no attribute 'CODE_CONFIG_DUPLICATE_KEY'
_ TestCodeConfigParser.test_stdlib_object_keys_must_be_exact_str (label='json-root-ordinary') _
tests/unit/test_code_config_parser.py:820: in test_stdlib_object_keys_must_be_exact_str
    self.assertEqual(err.code, mod.CODE_CONFIG_PARSER_MISMATCH)
                               ^^^^^^^^^^^^^^^^^^^^^^^^^^^^^^^
E   AttributeError: module 'video_paper_wiki.code_config_parser' has no attribute 'CODE_CONFIG_PARSER_MISMATCH'
_ TestCodeConfigParser.test_stdlib_object_keys_must_be_exact_str (label='json-root-hostile') _
tests/unit/test_code_config_parser.py:820: in test_stdlib_object_keys_must_be_exact_str
    self.assertEqual(err.code, mod.CODE_CONFIG_PARSER_MISMATCH)
                               ^^^^^^^^^^^^^^^^^^^^^^^^^^^^^^^
E   AttributeError: module 'video_paper_wiki.code_config_parser' has no attribute 'CODE_CONFIG_PARSER_MISMATCH'
_ TestCodeConfigParser.test_stdlib_object_keys_must_be_exact_str (label='json-nested-ordinary') _
tests/unit/test_code_config_parser.py:820: in test_stdlib_object_keys_must_be_exact_str
    self.assertEqual(err.code, mod.CODE_CONFIG_PARSER_MISMATCH)
                               ^^^^^^^^^^^^^^^^^^^^^^^^^^^^^^^
E   AttributeError: module 'video_paper_wiki.code_config_parser' has no attribute 'CODE_CONFIG_PARSER_MISMATCH'
_ TestCodeConfigParser.test_stdlib_object_keys_must_be_exact_str (label='json-nested-hostile') _
tests/unit/test_code_config_parser.py:820: in test_stdlib_object_keys_must_be_exact_str
    self.assertEqual(err.code, mod.CODE_CONFIG_PARSER_MISMATCH)
                               ^^^^^^^^^^^^^^^^^^^^^^^^^^^^^^^
E   AttributeError: module 'video_paper_wiki.code_config_parser' has no attribute 'CODE_CONFIG_PARSER_MISMATCH'
_ TestCodeConfigParser.test_stdlib_object_keys_must_be_exact_str (label='toml-root-ordinary') _
tests/unit/test_code_config_parser.py:820: in test_stdlib_object_keys_must_be_exact_str
    self.assertEqual(err.code, mod.CODE_CONFIG_PARSER_MISMATCH)
                               ^^^^^^^^^^^^^^^^^^^^^^^^^^^^^^^
E   AttributeError: module 'video_paper_wiki.code_config_parser' has no attribute 'CODE_CONFIG_PARSER_MISMATCH'
_ TestCodeConfigParser.test_stdlib_object_keys_must_be_exact_str (label='toml-root-hostile') _
tests/unit/test_code_config_parser.py:820: in test_stdlib_object_keys_must_be_exact_str
    self.assertEqual(err.code, mod.CODE_CONFIG_PARSER_MISMATCH)
                               ^^^^^^^^^^^^^^^^^^^^^^^^^^^^^^^
E   AttributeError: module 'video_paper_wiki.code_config_parser' has no attribute 'CODE_CONFIG_PARSER_MISMATCH'
_ TestCodeConfigParser.test_stdlib_object_keys_must_be_exact_str (label='toml-nested-ordinary') _
tests/unit/test_code_config_parser.py:820: in test_stdlib_object_keys_must_be_exact_str
    self.assertEqual(err.code, mod.CODE_CONFIG_PARSER_MISMATCH)
                               ^^^^^^^^^^^^^^^^^^^^^^^^^^^^^^^
E   AttributeError: module 'video_paper_wiki.code_config_parser' has no attribute 'CODE_CONFIG_PARSER_MISMATCH'
_ TestCodeConfigParser.test_stdlib_object_keys_must_be_exact_str (label='toml-nested-hostile') _
tests/unit/test_code_config_parser.py:820: in test_stdlib_object_keys_must_be_exact_str
    self.assertEqual(err.code, mod.CODE_CONFIG_PARSER_MISMATCH)
                               ^^^^^^^^^^^^^^^^^^^^^^^^^^^^^^^
E   AttributeError: module 'video_paper_wiki.code_config_parser' has no attribute 'CODE_CONFIG_PARSER_MISMATCH'
_ TestCodeConfigParser.test_stdlib_object_keys_must_be_exact_str (label='json-root-int') _
tests/unit/test_code_config_parser.py:820: in test_stdlib_object_keys_must_be_exact_str
    self.assertEqual(err.code, mod.CODE_CONFIG_PARSER_MISMATCH)
                               ^^^^^^^^^^^^^^^^^^^^^^^^^^^^^^^
E   AttributeError: module 'video_paper_wiki.code_config_parser' has no attribute 'CODE_CONFIG_PARSER_MISMATCH'
_ TestCodeConfigParser.test_stdlib_object_keys_must_be_exact_str (label='json-nested-int') _
tests/unit/test_code_config_parser.py:820: in test_stdlib_object_keys_must_be_exact_str
    self.assertEqual(err.code, mod.CODE_CONFIG_PARSER_MISMATCH)
                               ^^^^^^^^^^^^^^^^^^^^^^^^^^^^^^^
E   AttributeError: module 'video_paper_wiki.code_config_parser' has no attribute 'CODE_CONFIG_PARSER_MISMATCH'
_ TestCodeConfigParser.test_stdlib_object_keys_must_be_exact_str (label='toml-root-int') _
tests/unit/test_code_config_parser.py:820: in test_stdlib_object_keys_must_be_exact_str
    self.assertEqual(err.code, mod.CODE_CONFIG_PARSER_MISMATCH)
                               ^^^^^^^^^^^^^^^^^^^^^^^^^^^^^^^
E   AttributeError: module 'video_paper_wiki.code_config_parser' has no attribute 'CODE_CONFIG_PARSER_MISMATCH'
_ TestCodeConfigParser.test_stdlib_object_keys_must_be_exact_str (label='toml-nested-int') _
tests/unit/test_code_config_parser.py:820: in test_stdlib_object_keys_must_be_exact_str
    self.assertEqual(err.code, mod.CODE_CONFIG_PARSER_MISMATCH)
                               ^^^^^^^^^^^^^^^^^^^^^^^^^^^^^^^
E   AttributeError: module 'video_paper_wiki.code_config_parser' has no attribute 'CODE_CONFIG_PARSER_MISMATCH'
=========================== short test summary info ============================
FAILED tests/unit/test_code_config_parser.py::TestCodeConfigParser::test_scanner_error_content_omits_source_sentinels
SUBFAILED(label='json-root-ordinary') tests/unit/test_code_config_parser.py::TestCodeConfigParser::test_stdlib_object_keys_must_be_exact_str
SUBFAILED(label='json-root-hostile') tests/unit/test_code_config_parser.py::TestCodeConfigParser::test_stdlib_object_keys_must_be_exact_str
SUBFAILED(label='json-nested-ordinary') tests/unit/test_code_config_parser.py::TestCodeConfigParser::test_stdlib_object_keys_must_be_exact_str
SUBFAILED(label='json-nested-hostile') tests/unit/test_code_config_parser.py::TestCodeConfigParser::test_stdlib_object_keys_must_be_exact_str
SUBFAILED(label='toml-root-ordinary') tests/unit/test_code_config_parser.py::TestCodeConfigParser::test_stdlib_object_keys_must_be_exact_str
SUBFAILED(label='toml-root-hostile') tests/unit/test_code_config_parser.py::TestCodeConfigParser::test_stdlib_object_keys_must_be_exact_str
SUBFAILED(label='toml-nested-ordinary') tests/unit/test_code_config_parser.py::TestCodeConfigParser::test_stdlib_object_keys_must_be_exact_str
SUBFAILED(label='toml-nested-hostile') tests/unit/test_code_config_parser.py::TestCodeConfigParser::test_stdlib_object_keys_must_be_exact_str
SUBFAILED(label='json-root-int') tests/unit/test_code_config_parser.py::TestCodeConfigParser::test_stdlib_object_keys_must_be_exact_str
SUBFAILED(label='json-nested-int') tests/unit/test_code_config_parser.py::TestCodeConfigParser::test_stdlib_object_keys_must_be_exact_str
SUBFAILED(label='toml-root-int') tests/unit/test_code_config_parser.py::TestCodeConfigParser::test_stdlib_object_keys_must_be_exact_str
SUBFAILED(label='toml-nested-int') tests/unit/test_code_config_parser.py::TestCodeConfigParser::test_stdlib_object_keys_must_be_exact_str
13 failed, 16 passed, 92 subtests passed in 0.14s
