[2m2026-09-09T15:06:43.198832Z[0m [33m WARN[0m Failed to fetch models: Network(reqwest::Error { kind: Request, url: "https://cli-chat-proxy.grok.com/v1/models", source: hyper_util::client::legacy::Error(Connect, ConnectError("dns error", Custom { kind: Uncategorized, error: "failed to lookup address information: nodename nor servname provided, or not known" })) })
[2m2026-09-09T15:06:43.199127Z[0m [33m WARN[0m Settings fetch network error: error sending request for url (https://cli-chat-proxy.grok.com/v1/settings) [3mattempt[0m[2m=[0m0
[2m2026-09-09T15:06:43.706002Z[0m [33m WARN[0m Settings fetch network error: error sending request for url (https://cli-chat-proxy.grok.com/v1/settings) [3mattempt[0m[2m=[0m1
[2m2026-09-09T15:06:44.708983Z[0m [33m WARN[0m Settings fetch network error: error sending request for url (https://cli-chat-proxy.grok.com/v1/settings) [3mattempt[0m[2m=[0m2
[2m2026-09-09T15:06:44.709027Z[0m [31mERROR[0m Settings fetch failed [3mmax_attempts[0m[2m=[0m3
[2m2026-09-09T15:06:44.710646Z[0m [33m WARN[0m Failed to fetch models: Network(reqwest::Error { kind: Request, url: "https://cli-chat-proxy.grok.com/v1/models", source: hyper_util::client::legacy::Error(Connect, ConnectError("dns error", Custom { kind: Uncategorized, error: "failed to lookup address information: nodename nor servname provided, or not known" })) })
[2m2026-09-09T15:06:44.710894Z[0m [33m WARN[0m Settings fetch network error: error sending request for url (https://cli-chat-proxy.grok.com/v1/settings) [3mattempt[0m[2m=[0m0
[2m2026-09-09T15:06:45.216652Z[0m [33m WARN[0m Settings fetch network error: error sending request for url (https://cli-chat-proxy.grok.com/v1/settings) [3mattempt[0m[2m=[0m1
[2m2026-09-09T15:06:46.219585Z[0m [33m WARN[0m Settings fetch network error: error sending request for url (https://cli-chat-proxy.grok.com/v1/settings) [3mattempt[0m[2m=[0m2
[2m2026-09-09T15:06:46.219662Z[0m [31mERROR[0m Settings fetch failed [3mmax_attempts[0m[2m=[0m3
[2m2026-09-09T15:06:46.226253Z[0m [33m WARN[0m Failed to fetch models: Network(reqwest::Error { kind: Request, url: "https://cli-chat-proxy.grok.com/v1/models", source: hyper_util::client::legacy::Error(Connect, ConnectError("dns error", Custom { kind: Uncategorized, error: "failed to lookup address information: nodename nor servname provided, or not known" })) })
[2m2026-09-09T15:06:46.226344Z[0m [33m WARN[0m model refresh failed, leaving existing models unchanged
[2m2026-09-09T15:06:46.236081Z[0m [33m WARN[0m Settings fetch network error: error sending request for url (https://cli-chat-proxy.grok.com/v1/settings) [3mattempt[0m[2m=[0m0
[2m2026-09-09T15:06:46.238278Z[0m [33m WARN[0m Settings fetch network error: error sending request for url (https://cli-chat-proxy.grok.com/v1/settings) [3mattempt[0m[2m=[0m0
Couldn't create session: Permission denied.: {
  "code": "FS_PERMISSION_DENIED",
  "detail": "Operation not permitted (os error 1)"
}
[2m2026-09-09T15:06:46.742473Z[0m [33m WARN[0m Settings fetch network error: error sending request for url (https://cli-chat-proxy.grok.com/v1/settings) [3mattempt[0m[2m=[0m1
[2m2026-09-09T15:06:46.744421Z[0m [33m WARN[0m Settings fetch network error: error sending request for url (https://cli-chat-proxy.grok.com/v1/settings) [3mattempt[0m[2m=[0m1
[2m2026-09-09T15:06:47.744419Z[0m [33m WARN[0m Settings fetch network error: error sending request for url (https://cli-chat-proxy.grok.com/v1/settings) [3mattempt[0m[2m=[0m2
[2m2026-09-09T15:06:47.744481Z[0m [31mERROR[0m Settings fetch failed [3mmax_attempts[0m[2m=[0m3
[2m2026-09-09T15:06:47.745261Z[0m [33m WARN[0m Settings fetch network error: error sending request for url (https://cli-chat-proxy.grok.com/v1/settings) [3mattempt[0m[2m=[0m2
[2m2026-09-09T15:06:47.745301Z[0m [31mERROR[0m Settings fetch failed [3mmax_attempts[0m[2m=[0m3
Error: Couldn't create session: Permission denied.: {
  "code": "FS_PERMISSION_DENIED",
  "detail": "Operation not permitted (os error 1)"
}
