........................E....EEEEEEE................EEEEEEEEEEEEEEEEEEEE [  1%]
EEEEEF.................................................................. [  3%]
........................................................................ [  5%]
........................................................................ [  7%]
........................................................................ [  9%]
........................................................................ [ 11%]
........................................................................ [ 13%]
........................................................................ [ 15%]
........................................................................ [ 17%]
........................................................................ [ 19%]
........................................................................ [ 20%]
......................................................................
==================================== ERRORS ====================================
___________ ERROR at setup of test_prospective_agent_verify_no_build ___________

tmp_path_factory = TempPathFactory(_given_basetemp=PosixPath('/private/tmp/cf313-4k5m205k/p'), _trace=<pluggy._tracing.TagTracerSub object at 0x1023fde00>, _basetemp=PosixPath('/private/tmp/cf313-4k5m205k/p'), _retention_count=3, _retention_policy='all')

    @pytest.fixture(scope='session')
    def installed_cli(tmp_path_factory):
        # CI installs the locked environment before switching uv to offline mode.
        # Its build cache supplies the pinned wheel backend; runtime dependencies
        # are exposed from that locked environment through the path-only bridge
        # below.  Product installation itself explicitly bypasses uv's cache.
        uv_raw=shutil.which('uv')
>       assert uv_raw is not None,'the test job must provide its pinned uv on PATH'
E       AssertionError: the test job must provide its pinned uv on PATH
E       assert None is not None

tests/closure/test_installed_vertical.py:93: AssertionError
___________ ERROR at setup of test_prospective_gate_inspect_genesis ____________

tmp_path_factory = TempPathFactory(_given_basetemp=PosixPath('/private/tmp/cf313-4k5m205k/p'), _trace=<pluggy._tracing.TagTracerSub object at 0x1023fde00>, _basetemp=PosixPath('/private/tmp/cf313-4k5m205k/p'), _retention_count=3, _retention_policy='all')

    @pytest.fixture(scope='session')
    def installed_cli(tmp_path_factory):
        # CI installs the locked environment before switching uv to offline mode.
        # Its build cache supplies the pinned wheel backend; runtime dependencies
        # are exposed from that locked environment through the path-only bridge
        # below.  Product installation itself explicitly bypasses uv's cache.
        uv_raw=shutil.which('uv')
>       assert uv_raw is not None,'the test job must provide its pinned uv on PATH'
E       AssertionError: the test job must provide its pinned uv on PATH
E       assert None is not None

tests/closure/test_installed_vertical.py:93: AssertionError
__________ ERROR at setup of test_prospective_gate_inspect_successor ___________

tmp_path_factory = TempPathFactory(_given_basetemp=PosixPath('/private/tmp/cf313-4k5m205k/p'), _trace=<pluggy._tracing.TagTracerSub object at 0x1023fde00>, _basetemp=PosixPath('/private/tmp/cf313-4k5m205k/p'), _retention_count=3, _retention_policy='all')

    @pytest.fixture(scope='session')
    def installed_cli(tmp_path_factory):
        # CI installs the locked environment before switching uv to offline mode.
        # Its build cache supplies the pinned wheel backend; runtime dependencies
        # are exposed from that locked environment through the path-only bridge
        # below.  Product installation itself explicitly bypasses uv's cache.
        uv_raw=shutil.which('uv')
>       assert uv_raw is not None,'the test job must provide its pinned uv on PATH'
E       AssertionError: the test job must provide its pinned uv on PATH
E       assert None is not None

tests/closure/test_installed_vertical.py:93: AssertionError
_ ERROR at setup of test_gate_successor_changed_baseline_claims_both_receipt_backed_baselines _

tmp_path_factory = TempPathFactory(_given_basetemp=PosixPath('/private/tmp/cf313-4k5m205k/p'), _trace=<pluggy._tracing.TagTracerSub object at 0x1023fde00>, _basetemp=PosixPath('/private/tmp/cf313-4k5m205k/p'), _retention_count=3, _retention_policy='all')

    @pytest.fixture(scope='session')
    def installed_cli(tmp_path_factory):
        # CI installs the locked environment before switching uv to offline mode.
        # Its build cache supplies the pinned wheel backend; runtime dependencies
        # are exposed from that locked environment through the path-only bridge
        # below.  Product installation itself explicitly bypasses uv's cache.
        uv_raw=shutil.which('uv')
>       assert uv_raw is not None,'the test job must provide its pinned uv on PATH'
E       AssertionError: the test job must provide its pinned uv on PATH
E       assert None is not None

tests/closure/test_installed_vertical.py:93: AssertionError
_ ERROR at setup of test_gate_successor_changed_baseline_missing_prior_claim_is_rejected _

tmp_path_factory = TempPathFactory(_given_basetemp=PosixPath('/private/tmp/cf313-4k5m205k/p'), _trace=<pluggy._tracing.TagTracerSub object at 0x1023fde00>, _basetemp=PosixPath('/private/tmp/cf313-4k5m205k/p'), _retention_count=3, _retention_policy='all')

    @pytest.fixture(scope='session')
    def installed_cli(tmp_path_factory):
        # CI installs the locked environment before switching uv to offline mode.
        # Its build cache supplies the pinned wheel backend; runtime dependencies
        # are exposed from that locked environment through the path-only bridge
        # below.  Product installation itself explicitly bypasses uv's cache.
        uv_raw=shutil.which('uv')
>       assert uv_raw is not None,'the test job must provide its pinned uv on PATH'
E       AssertionError: the test job must provide its pinned uv on PATH
E       assert None is not None

tests/closure/test_installed_vertical.py:93: AssertionError
_ ERROR at setup of test_gate_successor_second_extra_baseline_claim_is_rejected _

tmp_path_factory = TempPathFactory(_given_basetemp=PosixPath('/private/tmp/cf313-4k5m205k/p'), _trace=<pluggy._tracing.TagTracerSub object at 0x1023fde00>, _basetemp=PosixPath('/private/tmp/cf313-4k5m205k/p'), _retention_count=3, _retention_policy='all')

    @pytest.fixture(scope='session')
    def installed_cli(tmp_path_factory):
        # CI installs the locked environment before switching uv to offline mode.
        # Its build cache supplies the pinned wheel backend; runtime dependencies
        # are exposed from that locked environment through the path-only bridge
        # below.  Product installation itself explicitly bypasses uv's cache.
        uv_raw=shutil.which('uv')
>       assert uv_raw is not None,'the test job must provide its pinned uv on PATH'
E       AssertionError: the test job must provide its pinned uv on PATH
E       assert None is not None

tests/closure/test_installed_vertical.py:93: AssertionError
_____________ ERROR at setup of test_prospective_gate_inspect_fork _____________

tmp_path_factory = TempPathFactory(_given_basetemp=PosixPath('/private/tmp/cf313-4k5m205k/p'), _trace=<pluggy._tracing.TagTracerSub object at 0x1023fde00>, _basetemp=PosixPath('/private/tmp/cf313-4k5m205k/p'), _retention_count=3, _retention_policy='all')

    @pytest.fixture(scope='session')
    def installed_cli(tmp_path_factory):
        # CI installs the locked environment before switching uv to offline mode.
        # Its build cache supplies the pinned wheel backend; runtime dependencies
        # are exposed from that locked environment through the path-only bridge
        # below.  Product installation itself explicitly bypasses uv's cache.
        uv_raw=shutil.which('uv')
>       assert uv_raw is not None,'the test job must provide its pinned uv on PATH'
E       AssertionError: the test job must provide its pinned uv on PATH
E       assert None is not None

tests/closure/test_installed_vertical.py:93: AssertionError
______________ ERROR at setup of test_external_gates_remain_open _______________

tmp_path_factory = TempPathFactory(_given_basetemp=PosixPath('/private/tmp/cf313-4k5m205k/p'), _trace=<pluggy._tracing.TagTracerSub object at 0x1023fde00>, _basetemp=PosixPath('/private/tmp/cf313-4k5m205k/p'), _retention_count=3, _retention_policy='all')

    @pytest.fixture(scope='session')
    def installed_cli(tmp_path_factory):
        # CI installs the locked environment before switching uv to offline mode.
        # Its build cache supplies the pinned wheel backend; runtime dependencies
        # are exposed from that locked environment through the path-only bridge
        # below.  Product installation itself explicitly bypasses uv's cache.
        uv_raw=shutil.which('uv')
>       assert uv_raw is not None,'the test job must provide its pinned uv on PATH'
E       AssertionError: the test job must provide its pinned uv on PATH
E       assert None is not None

tests/closure/test_installed_vertical.py:93: AssertionError
_____________ ERROR at setup of test_operator_nontty_catalog_build _____________

tmp_path_factory = TempPathFactory(_given_basetemp=PosixPath('/private/tmp/cf313-4k5m205k/p'), _trace=<pluggy._tracing.TagTracerSub object at 0x1023fde00>, _basetemp=PosixPath('/private/tmp/cf313-4k5m205k/p'), _retention_count=3, _retention_policy='all')

    @pytest.fixture(scope='session')
    def installed_cli(tmp_path_factory):
        # CI installs the locked environment before switching uv to offline mode.
        # Its build cache supplies the pinned wheel backend; runtime dependencies
        # are exposed from that locked environment through the path-only bridge
        # below.  Product installation itself explicitly bypasses uv's cache.
        uv_raw=shutil.which('uv')
>       assert uv_raw is not None,'the test job must provide its pinned uv on PATH'
E       AssertionError: the test job must provide its pinned uv on PATH
E       assert None is not None

tests/closure/test_installed_vertical.py:93: AssertionError
________________ ERROR at setup of test_gate_apply_real_nontty _________________

tmp_path_factory = TempPathFactory(_given_basetemp=PosixPath('/private/tmp/cf313-4k5m205k/p'), _trace=<pluggy._tracing.TagTracerSub object at 0x1023fde00>, _basetemp=PosixPath('/private/tmp/cf313-4k5m205k/p'), _retention_count=3, _retention_policy='all')

    @pytest.fixture(scope='session')
    def installed_cli(tmp_path_factory):
        # CI installs the locked environment before switching uv to offline mode.
        # Its build cache supplies the pinned wheel backend; runtime dependencies
        # are exposed from that locked environment through the path-only bridge
        # below.  Product installation itself explicitly bypasses uv's cache.
        uv_raw=shutil.which('uv')
>       assert uv_raw is not None,'the test job must provide its pinned uv on PATH'
E       AssertionError: the test job must provide its pinned uv on PATH
E       assert None is not None

tests/closure/test_installed_vertical.py:93: AssertionError
___________________ ERROR at setup of test_skills_fresh_path ___________________

tmp_path_factory = TempPathFactory(_given_basetemp=PosixPath('/private/tmp/cf313-4k5m205k/p'), _trace=<pluggy._tracing.TagTracerSub object at 0x1023fde00>, _basetemp=PosixPath('/private/tmp/cf313-4k5m205k/p'), _retention_count=3, _retention_policy='all')

    @pytest.fixture(scope='session')
    def installed_cli(tmp_path_factory):
        # CI installs the locked environment before switching uv to offline mode.
        # Its build cache supplies the pinned wheel backend; runtime dependencies
        # are exposed from that locked environment through the path-only bridge
        # below.  Product installation itself explicitly bypasses uv's cache.
        uv_raw=shutil.which('uv')
>       assert uv_raw is not None,'the test job must provide its pinned uv on PATH'
E       AssertionError: the test job must provide its pinned uv on PATH
E       assert None is not None

tests/closure/test_installed_vertical.py:93: AssertionError
____________________ ERROR at setup of test_skills_no_admin ____________________

tmp_path_factory = TempPathFactory(_given_basetemp=PosixPath('/private/tmp/cf313-4k5m205k/p'), _trace=<pluggy._tracing.TagTracerSub object at 0x1023fde00>, _basetemp=PosixPath('/private/tmp/cf313-4k5m205k/p'), _retention_count=3, _retention_policy='all')

    @pytest.fixture(scope='session')
    def installed_cli(tmp_path_factory):
        # CI installs the locked environment before switching uv to offline mode.
        # Its build cache supplies the pinned wheel backend; runtime dependencies
        # are exposed from that locked environment through the path-only bridge
        # below.  Product installation itself explicitly bypasses uv's cache.
        uv_raw=shutil.which('uv')
>       assert uv_raw is not None,'the test job must provide its pinned uv on PATH'
E       AssertionError: the test job must provide its pinned uv on PATH
E       assert None is not None

tests/closure/test_installed_vertical.py:93: AssertionError
___________________ ERROR at setup of test_skills_no_egress ____________________

tmp_path_factory = TempPathFactory(_given_basetemp=PosixPath('/private/tmp/cf313-4k5m205k/p'), _trace=<pluggy._tracing.TagTracerSub object at 0x1023fde00>, _basetemp=PosixPath('/private/tmp/cf313-4k5m205k/p'), _retention_count=3, _retention_policy='all')

    @pytest.fixture(scope='session')
    def installed_cli(tmp_path_factory):
        # CI installs the locked environment before switching uv to offline mode.
        # Its build cache supplies the pinned wheel backend; runtime dependencies
        # are exposed from that locked environment through the path-only bridge
        # below.  Product installation itself explicitly bypasses uv's cache.
        uv_raw=shutil.which('uv')
>       assert uv_raw is not None,'the test job must provide its pinned uv on PATH'
E       AssertionError: the test job must provide its pinned uv on PATH
E       assert None is not None

tests/closure/test_installed_vertical.py:93: AssertionError
_________________ ERROR at setup of test_skills_no_vault_write _________________

tmp_path_factory = TempPathFactory(_given_basetemp=PosixPath('/private/tmp/cf313-4k5m205k/p'), _trace=<pluggy._tracing.TagTracerSub object at 0x1023fde00>, _basetemp=PosixPath('/private/tmp/cf313-4k5m205k/p'), _retention_count=3, _retention_policy='all')

    @pytest.fixture(scope='session')
    def installed_cli(tmp_path_factory):
        # CI installs the locked environment before switching uv to offline mode.
        # Its build cache supplies the pinned wheel backend; runtime dependencies
        # are exposed from that locked environment through the path-only bridge
        # below.  Product installation itself explicitly bypasses uv's cache.
        uv_raw=shutil.which('uv')
>       assert uv_raw is not None,'the test job must provide its pinned uv on PATH'
E       AssertionError: the test job must provide its pinned uv on PATH
E       assert None is not None

tests/closure/test_installed_vertical.py:93: AssertionError
__________________ ERROR at setup of test_skills_stale_report __________________

tmp_path_factory = TempPathFactory(_given_basetemp=PosixPath('/private/tmp/cf313-4k5m205k/p'), _trace=<pluggy._tracing.TagTracerSub object at 0x1023fde00>, _basetemp=PosixPath('/private/tmp/cf313-4k5m205k/p'), _retention_count=3, _retention_policy='all')

    @pytest.fixture(scope='session')
    def installed_cli(tmp_path_factory):
        # CI installs the locked environment before switching uv to offline mode.
        # Its build cache supplies the pinned wheel backend; runtime dependencies
        # are exposed from that locked environment through the path-only bridge
        # below.  Product installation itself explicitly bypasses uv's cache.
        uv_raw=shutil.which('uv')
>       assert uv_raw is not None,'the test job must provide its pinned uv on PATH'
E       AssertionError: the test job must provide its pinned uv on PATH
E       assert None is not None

tests/closure/test_installed_vertical.py:93: AssertionError
_____________ ERROR at setup of test_prospective_wheel_skill_phase _____________

tmp_path_factory = TempPathFactory(_given_basetemp=PosixPath('/private/tmp/cf313-4k5m205k/p'), _trace=<pluggy._tracing.TagTracerSub object at 0x1023fde00>, _basetemp=PosixPath('/private/tmp/cf313-4k5m205k/p'), _retention_count=3, _retention_policy='all')

    @pytest.fixture(scope='session')
    def installed_cli(tmp_path_factory):
        # CI installs the locked environment before switching uv to offline mode.
        # Its build cache supplies the pinned wheel backend; runtime dependencies
        # are exposed from that locked environment through the path-only bridge
        # below.  Product installation itself explicitly bypasses uv's cache.
        uv_raw=shutil.which('uv')
>       assert uv_raw is not None,'the test job must provide its pinned uv on PATH'
E       AssertionError: the test job must provide its pinned uv on PATH
E       assert None is not None

tests/closure/test_installed_vertical.py:93: AssertionError
___________ ERROR at setup of test_prospective_wheel_operator_phase ____________

tmp_path_factory = TempPathFactory(_given_basetemp=PosixPath('/private/tmp/cf313-4k5m205k/p'), _trace=<pluggy._tracing.TagTracerSub object at 0x1023fde00>, _basetemp=PosixPath('/private/tmp/cf313-4k5m205k/p'), _retention_count=3, _retention_policy='all')

    @pytest.fixture(scope='session')
    def installed_cli(tmp_path_factory):
        # CI installs the locked environment before switching uv to offline mode.
        # Its build cache supplies the pinned wheel backend; runtime dependencies
        # are exposed from that locked environment through the path-only bridge
        # below.  Product installation itself explicitly bypasses uv's cache.
        uv_raw=shutil.which('uv')
>       assert uv_raw is not None,'the test job must provide its pinned uv on PATH'
E       AssertionError: the test job must provide its pinned uv on PATH
E       assert None is not None

tests/closure/test_installed_vertical.py:93: AssertionError
_________________ ERROR at setup of test_three_paper_one_repo __________________

tmp_path_factory = TempPathFactory(_given_basetemp=PosixPath('/private/tmp/cf313-4k5m205k/p'), _trace=<pluggy._tracing.TagTracerSub object at 0x1023fde00>, _basetemp=PosixPath('/private/tmp/cf313-4k5m205k/p'), _retention_count=3, _retention_policy='all')

    @pytest.fixture(scope='session')
    def installed_cli(tmp_path_factory):
        # CI installs the locked environment before switching uv to offline mode.
        # Its build cache supplies the pinned wheel backend; runtime dependencies
        # are exposed from that locked environment through the path-only bridge
        # below.  Product installation itself explicitly bypasses uv's cache.
        uv_raw=shutil.which('uv')
>       assert uv_raw is not None,'the test job must provide its pinned uv on PATH'
E       AssertionError: the test job must provide its pinned uv on PATH
E       assert None is not None

tests/closure/test_installed_vertical.py:93: AssertionError
_______________ ERROR at setup of test_postrestore_domain_audit ________________

tmp_path_factory = TempPathFactory(_given_basetemp=PosixPath('/private/tmp/cf313-4k5m205k/p'), _trace=<pluggy._tracing.TagTracerSub object at 0x1023fde00>, _basetemp=PosixPath('/private/tmp/cf313-4k5m205k/p'), _retention_count=3, _retention_policy='all')

    @pytest.fixture(scope='session')
    def installed_cli(tmp_path_factory):
        # CI installs the locked environment before switching uv to offline mode.
        # Its build cache supplies the pinned wheel backend; runtime dependencies
        # are exposed from that locked environment through the path-only bridge
        # below.  Product installation itself explicitly bypasses uv's cache.
        uv_raw=shutil.which('uv')
>       assert uv_raw is not None,'the test job must provide its pinned uv on PATH'
E       AssertionError: the test job must provide its pinned uv on PATH
E       assert None is not None

tests/closure/test_installed_vertical.py:93: AssertionError
____________ ERROR at setup of test_postrestore_locator_resolution _____________

tmp_path_factory = TempPathFactory(_given_basetemp=PosixPath('/private/tmp/cf313-4k5m205k/p'), _trace=<pluggy._tracing.TagTracerSub object at 0x1023fde00>, _basetemp=PosixPath('/private/tmp/cf313-4k5m205k/p'), _retention_count=3, _retention_policy='all')

    @pytest.fixture(scope='session')
    def installed_cli(tmp_path_factory):
        # CI installs the locked environment before switching uv to offline mode.
        # Its build cache supplies the pinned wheel backend; runtime dependencies
        # are exposed from that locked environment through the path-only bridge
        # below.  Product installation itself explicitly bypasses uv's cache.
        uv_raw=shutil.which('uv')
>       assert uv_raw is not None,'the test job must provide its pinned uv on PATH'
E       AssertionError: the test job must provide its pinned uv on PATH
E       assert None is not None

tests/closure/test_installed_vertical.py:93: AssertionError
__________________ ERROR at setup of test_postrestore_compile __________________

tmp_path_factory = TempPathFactory(_given_basetemp=PosixPath('/private/tmp/cf313-4k5m205k/p'), _trace=<pluggy._tracing.TagTracerSub object at 0x1023fde00>, _basetemp=PosixPath('/private/tmp/cf313-4k5m205k/p'), _retention_count=3, _retention_policy='all')

    @pytest.fixture(scope='session')
    def installed_cli(tmp_path_factory):
        # CI installs the locked environment before switching uv to offline mode.
        # Its build cache supplies the pinned wheel backend; runtime dependencies
        # are exposed from that locked environment through the path-only bridge
        # below.  Product installation itself explicitly bypasses uv's cache.
        uv_raw=shutil.which('uv')
>       assert uv_raw is not None,'the test job must provide its pinned uv on PATH'
E       AssertionError: the test job must provide its pinned uv on PATH
E       assert None is not None

tests/closure/test_installed_vertical.py:93: AssertionError
________________ ERROR at setup of test_postrestore_strict_lint ________________

tmp_path_factory = TempPathFactory(_given_basetemp=PosixPath('/private/tmp/cf313-4k5m205k/p'), _trace=<pluggy._tracing.TagTracerSub object at 0x1023fde00>, _basetemp=PosixPath('/private/tmp/cf313-4k5m205k/p'), _retention_count=3, _retention_policy='all')

    @pytest.fixture(scope='session')
    def installed_cli(tmp_path_factory):
        # CI installs the locked environment before switching uv to offline mode.
        # Its build cache supplies the pinned wheel backend; runtime dependencies
        # are exposed from that locked environment through the path-only bridge
        # below.  Product installation itself explicitly bypasses uv's cache.
        uv_raw=shutil.which('uv')
>       assert uv_raw is not None,'the test job must provide its pinned uv on PATH'
E       AssertionError: the test job must provide its pinned uv on PATH
E       assert None is not None

tests/closure/test_installed_vertical.py:93: AssertionError
______________ ERROR at setup of test_postrestore_runtime_rebuild ______________

tmp_path_factory = TempPathFactory(_given_basetemp=PosixPath('/private/tmp/cf313-4k5m205k/p'), _trace=<pluggy._tracing.TagTracerSub object at 0x1023fde00>, _basetemp=PosixPath('/private/tmp/cf313-4k5m205k/p'), _retention_count=3, _retention_policy='all')

    @pytest.fixture(scope='session')
    def installed_cli(tmp_path_factory):
        # CI installs the locked environment before switching uv to offline mode.
        # Its build cache supplies the pinned wheel backend; runtime dependencies
        # are exposed from that locked environment through the path-only bridge
        # below.  Product installation itself explicitly bypasses uv's cache.
        uv_raw=shutil.which('uv')
>       assert uv_raw is not None,'the test job must provide its pinned uv on PATH'
E       AssertionError: the test job must provide its pinned uv on PATH
E       assert None is not None

tests/closure/test_installed_vertical.py:93: AssertionError
___________________ ERROR at setup of test_postrestore_query ___________________

tmp_path_factory = TempPathFactory(_given_basetemp=PosixPath('/private/tmp/cf313-4k5m205k/p'), _trace=<pluggy._tracing.TagTracerSub object at 0x1023fde00>, _basetemp=PosixPath('/private/tmp/cf313-4k5m205k/p'), _retention_count=3, _retention_policy='all')

    @pytest.fixture(scope='session')
    def installed_cli(tmp_path_factory):
        # CI installs the locked environment before switching uv to offline mode.
        # Its build cache supplies the pinned wheel backend; runtime dependencies
        # are exposed from that locked environment through the path-only bridge
        # below.  Product installation itself explicitly bypasses uv's cache.
        uv_raw=shutil.which('uv')
>       assert uv_raw is not None,'the test job must provide its pinned uv on PATH'
E       AssertionError: the test job must provide its pinned uv on PATH
E       assert None is not None

tests/closure/test_installed_vertical.py:93: AssertionError
__________________ ERROR at setup of test_delete_projections ___________________

tmp_path_factory = TempPathFactory(_given_basetemp=PosixPath('/private/tmp/cf313-4k5m205k/p'), _trace=<pluggy._tracing.TagTracerSub object at 0x1023fde00>, _basetemp=PosixPath('/private/tmp/cf313-4k5m205k/p'), _retention_count=3, _retention_policy='all')

    @pytest.fixture(scope='session')
    def installed_cli(tmp_path_factory):
        # CI installs the locked environment before switching uv to offline mode.
        # Its build cache supplies the pinned wheel backend; runtime dependencies
        # are exposed from that locked environment through the path-only bridge
        # below.  Product installation itself explicitly bypasses uv's cache.
        uv_raw=shutil.which('uv')
>       assert uv_raw is not None,'the test job must provide its pinned uv on PATH'
E       AssertionError: the test job must provide its pinned uv on PATH
E       assert None is not None

tests/closure/test_installed_vertical.py:93: AssertionError
___________________ ERROR at setup of test_rebuild_markdown ____________________

tmp_path_factory = TempPathFactory(_given_basetemp=PosixPath('/private/tmp/cf313-4k5m205k/p'), _trace=<pluggy._tracing.TagTracerSub object at 0x1023fde00>, _basetemp=PosixPath('/private/tmp/cf313-4k5m205k/p'), _retention_count=3, _retention_policy='all')

    @pytest.fixture(scope='session')
    def installed_cli(tmp_path_factory):
        # CI installs the locked environment before switching uv to offline mode.
        # Its build cache supplies the pinned wheel backend; runtime dependencies
        # are exposed from that locked environment through the path-only bridge
        # below.  Product installation itself explicitly bypasses uv's cache.
        uv_raw=shutil.which('uv')
>       assert uv_raw is not None,'the test job must provide its pinned uv on PATH'
E       AssertionError: the test job must provide its pinned uv on PATH
E       assert None is not None

tests/closure/test_installed_vertical.py:93: AssertionError
____________________ ERROR at setup of test_rebuild_export _____________________

tmp_path_factory = TempPathFactory(_given_basetemp=PosixPath('/private/tmp/cf313-4k5m205k/p'), _trace=<pluggy._tracing.TagTracerSub object at 0x1023fde00>, _basetemp=PosixPath('/private/tmp/cf313-4k5m205k/p'), _retention_count=3, _retention_policy='all')

    @pytest.fixture(scope='session')
    def installed_cli(tmp_path_factory):
        # CI installs the locked environment before switching uv to offline mode.
        # Its build cache supplies the pinned wheel backend; runtime dependencies
        # are exposed from that locked environment through the path-only bridge
        # below.  Product installation itself explicitly bypasses uv's cache.
        uv_raw=shutil.which('uv')
>       assert uv_raw is not None,'the test job must provide its pinned uv on PATH'
E       AssertionError: the test job must provide its pinned uv on PATH
E       assert None is not None

tests/closure/test_installed_vertical.py:93: AssertionError
____________________ ERROR at setup of test_rebuild_runtime ____________________

tmp_path_factory = TempPathFactory(_given_basetemp=PosixPath('/private/tmp/cf313-4k5m205k/p'), _trace=<pluggy._tracing.TagTracerSub object at 0x1023fde00>, _basetemp=PosixPath('/private/tmp/cf313-4k5m205k/p'), _retention_count=3, _retention_policy='all')

    @pytest.fixture(scope='session')
    def installed_cli(tmp_path_factory):
        # CI installs the locked environment before switching uv to offline mode.
        # Its build cache supplies the pinned wheel backend; runtime dependencies
        # are exposed from that locked environment through the path-only bridge
        # below.  Product installation itself explicitly bypasses uv's cache.
        uv_raw=shutil.which('uv')
>       assert uv_raw is not None,'the test job must provide its pinned uv on PATH'
E       AssertionError: the test job must provide its pinned uv on PATH
E       assert None is not None

tests/closure/test_installed_vertical.py:93: AssertionError
_________________ ERROR at setup of test_rebuild_mapping_query _________________

tmp_path_factory = TempPathFactory(_given_basetemp=PosixPath('/private/tmp/cf313-4k5m205k/p'), _trace=<pluggy._tracing.TagTracerSub object at 0x1023fde00>, _basetemp=PosixPath('/private/tmp/cf313-4k5m205k/p'), _retention_count=3, _retention_policy='all')

    @pytest.fixture(scope='session')
    def installed_cli(tmp_path_factory):
        # CI installs the locked environment before switching uv to offline mode.
        # Its build cache supplies the pinned wheel backend; runtime dependencies
        # are exposed from that locked environment through the path-only bridge
        # below.  Product installation itself explicitly bypasses uv's cache.
        uv_raw=shutil.which('uv')
>       assert uv_raw is not None,'the test job must provide its pinned uv on PATH'
E       AssertionError: the test job must provide its pinned uv on PATH
E       assert None is not None

tests/closure/test_installed_vertical.py:93: AssertionError
_____________________ ERROR at setup of test_delete_truth ______________________

tmp_path_factory = TempPathFactory(_given_basetemp=PosixPath('/private/tmp/cf313-4k5m205k/p'), _trace=<pluggy._tracing.TagTracerSub object at 0x1023fde00>, _basetemp=PosixPath('/private/tmp/cf313-4k5m205k/p'), _retention_count=3, _retention_policy='all')

    @pytest.fixture(scope='session')
    def installed_cli(tmp_path_factory):
        # CI installs the locked environment before switching uv to offline mode.
        # Its build cache supplies the pinned wheel backend; runtime dependencies
        # are exposed from that locked environment through the path-only bridge
        # below.  Product installation itself explicitly bypasses uv's cache.
        uv_raw=shutil.which('uv')
>       assert uv_raw is not None,'the test job must provide its pinned uv on PATH'
E       AssertionError: the test job must provide its pinned uv on PATH
E       assert None is not None

tests/closure/test_installed_vertical.py:93: AssertionError
__________________ ERROR at setup of test_catalog_stale_head ___________________

tmp_path_factory = TempPathFactory(_given_basetemp=PosixPath('/private/tmp/cf313-4k5m205k/p'), _trace=<pluggy._tracing.TagTracerSub object at 0x1023fde00>, _basetemp=PosixPath('/private/tmp/cf313-4k5m205k/p'), _retention_count=3, _retention_policy='all')

    @pytest.fixture(scope='session')
    def installed_cli(tmp_path_factory):
        # CI installs the locked environment before switching uv to offline mode.
        # Its build cache supplies the pinned wheel backend; runtime dependencies
        # are exposed from that locked environment through the path-only bridge
        # below.  Product installation itself explicitly bypasses uv's cache.
        uv_raw=shutil.which('uv')
>       assert uv_raw is not None,'the test job must provide its pinned uv on PATH'
E       AssertionError: the test job must provide its pinned uv on PATH
E       assert None is not None

tests/closure/test_installed_vertical.py:93: AssertionError
__________________ ERROR at setup of test_catalog_stale_index __________________

tmp_path_factory = TempPathFactory(_given_basetemp=PosixPath('/private/tmp/cf313-4k5m205k/p'), _trace=<pluggy._tracing.TagTracerSub object at 0x1023fde00>, _basetemp=PosixPath('/private/tmp/cf313-4k5m205k/p'), _retention_count=3, _retention_policy='all')

    @pytest.fixture(scope='session')
    def installed_cli(tmp_path_factory):
        # CI installs the locked environment before switching uv to offline mode.
        # Its build cache supplies the pinned wheel backend; runtime dependencies
        # are exposed from that locked environment through the path-only bridge
        # below.  Product installation itself explicitly bypasses uv's cache.
        uv_raw=shutil.which('uv')
>       assert uv_raw is not None,'the test job must provide its pinned uv on PATH'
E       AssertionError: the test job must provide its pinned uv on PATH
E       assert None is not None

tests/closure/test_installed_vertical.py:93: AssertionError
_________ ERROR at setup of test_prospective_operator_restore_rebuild __________

tmp_path_factory = TempPathFactory(_given_basetemp=PosixPath('/private/tmp/cf313-4k5m205k/p'), _trace=<pluggy._tracing.TagTracerSub object at 0x1023fde00>, _basetemp=PosixPath('/private/tmp/cf313-4k5m205k/p'), _retention_count=3, _retention_policy='all')

    @pytest.fixture(scope='session')
    def installed_cli(tmp_path_factory):
        # CI installs the locked environment before switching uv to offline mode.
        # Its build cache supplies the pinned wheel backend; runtime dependencies
        # are exposed from that locked environment through the path-only bridge
        # below.  Product installation itself explicitly bypasses uv's cache.
        uv_raw=shutil.which('uv')
>       assert uv_raw is not None,'the test job must provide its pinned uv on PATH'
E       AssertionError: the test job must provide its pinned uv on PATH
E       assert None is not None

tests/closure/test_installed_vertical.py:93: AssertionError
=================================== FAILURES ===================================
_________________ test_every_declared_object_schema_is_closed __________________

schema_paths = [PosixPath('/private/tmp/cr1.lQxPNM/source/schemas/video-paper-wiki.assessment-event.v1.schema.json'), PosixPath('/pri...schema.json'), PosixPath('/private/tmp/cr1.lQxPNM/source/schemas/video-paper-wiki.catalog-report.v1.schema.json'), ...]

    def test_every_declared_object_schema_is_closed(schema_paths: list[Path]) -> None:
        for schema_path in schema_paths:
            schema = load_json(schema_path)
            for node, path in _walk(schema):
                if node.get("type") == "object" or "properties" in node:
                    if schema_path.name == "video-paper-wiki.cli-envelope.v1.schema.json" and path in ENVELOPE_EXCEPTIONS:
                        assert node.get("additionalProperties") is True
                    elif (schema_path.name == "video-paper-wiki.projection-generation.v1.schema.json"
                          and path in RUNTIME_OVERLAYS):
                        assert "additionalProperties" not in node
                    else:
>                       assert node.get("additionalProperties") is False, f"{schema_path}:{'/'.join(path)}"
E                       AssertionError: /private/tmp/cr1.lQxPNM/source/schemas/video-paper-wiki.code-proof-common.v1.schema.json:$defs/request_target/if
E                       assert None is False
E                        +  where None = <built-in method get of dict object at 0x105355280>('additionalProperties')
E                        +    where <built-in method get of dict object at 0x105355280> = {'properties': {'allow_executable_source': {'const': True}}, 'required': ['allow_executable_source']}.get

tests/contract/test_additional_properties.py:37: AssertionError
=========================== short test summary info ============================
FAILED tests/contract/test_additional_properties.py::test_every_declared_object_schema_is_closed
ERROR tests/closure/test_closure_direct.py::test_prospective_agent_verify_no_build
ERROR tests/closure/test_closure_direct.py::test_prospective_gate_inspect_genesis
ERROR tests/closure/test_closure_direct.py::test_prospective_gate_inspect_successor
ERROR tests/closure/test_closure_direct.py::test_gate_successor_changed_baseline_claims_both_receipt_backed_baselines
ERROR tests/closure/test_closure_direct.py::test_gate_successor_changed_baseline_missing_prior_claim_is_rejected
ERROR tests/closure/test_closure_direct.py::test_gate_successor_second_extra_baseline_claim_is_rejected
ERROR tests/closure/test_closure_direct.py::test_prospective_gate_inspect_fork
ERROR tests/closure/test_closure_direct.py::test_external_gates_remain_open
ERROR tests/closure/test_installed_operator_exact.py::test_operator_nontty_catalog_build
ERROR tests/closure/test_installed_operator_exact.py::test_gate_apply_real_nontty
ERROR tests/closure/test_installed_skills.py::test_skills_fresh_path - Assert...
ERROR tests/closure/test_installed_skills.py::test_skills_no_admin - Assertio...
ERROR tests/closure/test_installed_skills.py::test_skills_no_egress - Asserti...
ERROR tests/closure/test_installed_skills.py::test_skills_no_vault_write - As...
ERROR tests/closure/test_installed_skills.py::test_skills_stale_report - Asse...
ERROR tests/closure/test_installed_skills.py::test_prospective_wheel_skill_phase
ERROR tests/closure/test_installed_vertical.py::test_prospective_wheel_operator_phase
ERROR tests/closure/test_installed_vertical.py::test_three_paper_one_repo - A...
ERROR tests/closure/test_installed_vertical.py::test_postrestore_domain_audit
ERROR tests/closure/test_installed_vertical.py::test_postrestore_locator_resolution
ERROR tests/closure/test_installed_vertical.py::test_postrestore_compile - As...
ERROR tests/closure/test_installed_vertical.py::test_postrestore_strict_lint
ERROR tests/closure/test_installed_vertical.py::test_postrestore_runtime_rebuild
ERROR tests/closure/test_installed_vertical.py::test_postrestore_query - Asse...
ERROR tests/closure/test_installed_vertical.py::test_delete_projections - Ass...
ERROR tests/closure/test_installed_vertical.py::test_rebuild_markdown - Asser...
ERROR tests/closure/test_installed_vertical.py::test_rebuild_export - Asserti...
ERROR tests/closure/test_installed_vertical.py::test_rebuild_runtime - Assert...
ERROR tests/closure/test_installed_vertical.py::test_rebuild_mapping_query - ...
ERROR tests/closure/test_installed_vertical.py::test_delete_truth - Assertion...
ERROR tests/closure/test_installed_vertical.py::test_catalog_stale_head - Ass...
ERROR tests/closure/test_installed_vertical.py::test_catalog_stale_index - As...
ERROR tests/closure/test_installed_vertical.py::test_prospective_operator_restore_rebuild
!!!!!!!!!!!!!!!!!!!!!!!!!!!!!! KeyboardInterrupt !!!!!!!!!!!!!!!!!!!!!!!!!!!!!!!
/Users/huangzhanpeng/miniconda3/lib/python3.13/urllib/parse.py:119: KeyboardInterrupt
(to show a full traceback on KeyboardInterrupt use --full-trace)
1 failed, 828 passed, 33 errors in 161.31s (0:02:41)
